Component: Arm Compiler for Embedded 6.21 Tool: armlink [5ec1fa00]

==============================================================================

Section Cross References

    stm32f4xx_nucleo.o(.ARM.exidx.text.BSP_GetVersion) refers to stm32f4xx_nucleo.o(.text.BSP_GetVersion) for [Anonymous Symbol]
    stm32f4xx_nucleo.o(.text.BSP_LED_Init) refers to stm32f4xx_nucleo.o(.rodata.GPIO_PIN) for GPIO_PIN
    stm32f4xx_nucleo.o(.text.BSP_LED_Init) refers to stm32f4xx_nucleo.o(.data.GPIO_PORT) for GPIO_PORT
    stm32f4xx_nucleo.o(.text.BSP_LED_Init) refers to stm32f4xx_hal_gpio.o(.text.HAL_GPIO_Init) for HAL_GPIO_Init
    stm32f4xx_nucleo.o(.text.BSP_LED_Init) refers to stm32f4xx_hal_gpio.o(.text.HAL_GPIO_WritePin) for HAL_GPIO_WritePin
    stm32f4xx_nucleo.o(.ARM.exidx.text.BSP_LED_Init) refers to stm32f4xx_nucleo.o(.text.BSP_LED_Init) for [Anonymous Symbol]
    stm32f4xx_nucleo.o(.text.BSP_LED_DeInit) refers to stm32f4xx_nucleo.o(.data.GPIO_PORT) for GPIO_PORT
    stm32f4xx_nucleo.o(.text.BSP_LED_DeInit) refers to stm32f4xx_nucleo.o(.rodata.GPIO_PIN) for GPIO_PIN
    stm32f4xx_nucleo.o(.text.BSP_LED_DeInit) refers to stm32f4xx_hal_gpio.o(.text.HAL_GPIO_WritePin) for HAL_GPIO_WritePin
    stm32f4xx_nucleo.o(.text.BSP_LED_DeInit) refers to stm32f4xx_hal_gpio.o(.text.HAL_GPIO_DeInit) for HAL_GPIO_DeInit
    stm32f4xx_nucleo.o(.ARM.exidx.text.BSP_LED_DeInit) refers to stm32f4xx_nucleo.o(.text.BSP_LED_DeInit) for [Anonymous Symbol]
    stm32f4xx_nucleo.o(.text.BSP_LED_On) refers to stm32f4xx_nucleo.o(.data.GPIO_PORT) for GPIO_PORT
    stm32f4xx_nucleo.o(.text.BSP_LED_On) refers to stm32f4xx_nucleo.o(.rodata.GPIO_PIN) for GPIO_PIN
    stm32f4xx_nucleo.o(.text.BSP_LED_On) refers to stm32f4xx_hal_gpio.o(.text.HAL_GPIO_WritePin) for HAL_GPIO_WritePin
    stm32f4xx_nucleo.o(.ARM.exidx.text.BSP_LED_On) refers to stm32f4xx_nucleo.o(.text.BSP_LED_On) for [Anonymous Symbol]
    stm32f4xx_nucleo.o(.text.BSP_LED_Off) refers to stm32f4xx_nucleo.o(.data.GPIO_PORT) for GPIO_PORT
    stm32f4xx_nucleo.o(.text.BSP_LED_Off) refers to stm32f4xx_nucleo.o(.rodata.GPIO_PIN) for GPIO_PIN
    stm32f4xx_nucleo.o(.text.BSP_LED_Off) refers to stm32f4xx_hal_gpio.o(.text.HAL_GPIO_WritePin) for HAL_GPIO_WritePin
    stm32f4xx_nucleo.o(.ARM.exidx.text.BSP_LED_Off) refers to stm32f4xx_nucleo.o(.text.BSP_LED_Off) for [Anonymous Symbol]
    stm32f4xx_nucleo.o(.text.BSP_LED_Toggle) refers to stm32f4xx_nucleo.o(.data.GPIO_PORT) for GPIO_PORT
    stm32f4xx_nucleo.o(.text.BSP_LED_Toggle) refers to stm32f4xx_nucleo.o(.rodata.GPIO_PIN) for GPIO_PIN
    stm32f4xx_nucleo.o(.text.BSP_LED_Toggle) refers to stm32f4xx_hal_gpio.o(.text.HAL_GPIO_TogglePin) for HAL_GPIO_TogglePin
    stm32f4xx_nucleo.o(.ARM.exidx.text.BSP_LED_Toggle) refers to stm32f4xx_nucleo.o(.text.BSP_LED_Toggle) for [Anonymous Symbol]
    stm32f4xx_nucleo.o(.text.BSP_PB_Init) refers to stm32f4xx_nucleo.o(.rodata.BUTTON_PIN) for BUTTON_PIN
    stm32f4xx_nucleo.o(.text.BSP_PB_Init) refers to stm32f4xx_nucleo.o(.data.BUTTON_PORT) for BUTTON_PORT
    stm32f4xx_nucleo.o(.text.BSP_PB_Init) refers to stm32f4xx_hal_gpio.o(.text.HAL_GPIO_Init) for HAL_GPIO_Init
    stm32f4xx_nucleo.o(.text.BSP_PB_Init) refers to stm32f4xx_nucleo.o(.rodata.BUTTON_IRQn) for BUTTON_IRQn
    stm32f4xx_nucleo.o(.text.BSP_PB_Init) refers to stm32f4xx_hal_cortex.o(.text.HAL_NVIC_SetPriority) for HAL_NVIC_SetPriority
    stm32f4xx_nucleo.o(.text.BSP_PB_Init) refers to stm32f4xx_hal_cortex.o(.text.HAL_NVIC_EnableIRQ) for HAL_NVIC_EnableIRQ
    stm32f4xx_nucleo.o(.ARM.exidx.text.BSP_PB_Init) refers to stm32f4xx_nucleo.o(.text.BSP_PB_Init) for [Anonymous Symbol]
    stm32f4xx_nucleo.o(.text.BSP_PB_DeInit) refers to stm32f4xx_nucleo.o(.rodata.BUTTON_PIN) for BUTTON_PIN
    stm32f4xx_nucleo.o(.text.BSP_PB_DeInit) refers to stm32f4xx_nucleo.o(.rodata.BUTTON_IRQn) for BUTTON_IRQn
    stm32f4xx_nucleo.o(.text.BSP_PB_DeInit) refers to stm32f4xx_hal_cortex.o(.text.HAL_NVIC_DisableIRQ) for HAL_NVIC_DisableIRQ
    stm32f4xx_nucleo.o(.text.BSP_PB_DeInit) refers to stm32f4xx_nucleo.o(.data.BUTTON_PORT) for BUTTON_PORT
    stm32f4xx_nucleo.o(.text.BSP_PB_DeInit) refers to stm32f4xx_hal_gpio.o(.text.HAL_GPIO_DeInit) for HAL_GPIO_DeInit
    stm32f4xx_nucleo.o(.ARM.exidx.text.BSP_PB_DeInit) refers to stm32f4xx_nucleo.o(.text.BSP_PB_DeInit) for [Anonymous Symbol]
    stm32f4xx_nucleo.o(.text.BSP_PB_GetState) refers to stm32f4xx_nucleo.o(.data.BUTTON_PORT) for BUTTON_PORT
    stm32f4xx_nucleo.o(.text.BSP_PB_GetState) refers to stm32f4xx_nucleo.o(.rodata.BUTTON_PIN) for BUTTON_PIN
    stm32f4xx_nucleo.o(.text.BSP_PB_GetState) refers to stm32f4xx_hal_gpio.o(.text.HAL_GPIO_ReadPin) for HAL_GPIO_ReadPin
    stm32f4xx_nucleo.o(.ARM.exidx.text.BSP_PB_GetState) refers to stm32f4xx_nucleo.o(.text.BSP_PB_GetState) for [Anonymous Symbol]
    stm32f4xx_nucleo.o(.text.SD_IO_Init) refers to stm32f4xx_hal_gpio.o(.text.HAL_GPIO_Init) for HAL_GPIO_Init
    stm32f4xx_nucleo.o(.text.SD_IO_Init) refers to stm32f4xx_nucleo.o(.text.SPIx_Init) for SPIx_Init
[...]
    Removing stm32f4xx_hal_tim.o(.text.TIM_OC2_SetConfig), (212 bytes).
    Removing stm32f4xx_hal_tim.o(.ARM.exidx.text.TIM_OC2_SetConfig), (8 bytes).
    Removing stm32f4xx_hal_tim.o(.text.TIM_OC3_SetConfig), (210 bytes).
    Removing stm32f4xx_hal_tim.o(.ARM.exidx.text.TIM_OC3_SetConfig), (8 bytes).
    Removing stm32f4xx_hal_tim.o(.text.TIM_OC4_SetConfig), (148 bytes).
    Removing stm32f4xx_hal_tim.o(.ARM.exidx.text.TIM_OC4_SetConfig), (8 bytes).
    Removing stm32f4xx_hal_tim.o(.text.HAL_TIM_IC_ConfigChannel), (304 bytes).
    Removing stm32f4xx_hal_tim.o(.ARM.exidx.text.HAL_TIM_IC_ConfigChannel), (8 bytes).
    Removing stm32f4xx_hal_tim.o(.text.TIM_TI1_SetConfig), (238 bytes).
    Removing stm32f4xx_hal_tim.o(.ARM.exidx.text.TIM_TI1_SetConfig), (8 bytes).
    Removing stm32f4xx_hal_tim.o(.text.TIM_TI2_SetConfig), (108 bytes).
    Removing stm32f4xx_hal_tim.o(.ARM.exidx.text.TIM_TI2_SetConfig), (8 bytes).
    Removing stm32f4xx_hal_tim.o(.text.TIM_TI3_SetConfig), (106 bytes).
    Removing stm32f4xx_hal_tim.o(.ARM.exidx.text.TIM_TI3_SetConfig), (8 bytes).
    Removing stm32f4xx_hal_tim.o(.text.TIM_TI4_SetConfig), (108 bytes).
    Removing stm32f4xx_hal_tim.o(.ARM.exidx.text.TIM_TI4_SetConfig), (8 bytes).
    Removing stm32f4xx_hal_tim.o(.text.HAL_TIM_PWM_ConfigChannel), (322 bytes).
    Removing stm32f4xx_hal_tim.o(.ARM.exidx.text.HAL_TIM_PWM_ConfigChannel), (8 bytes).
    Removing stm32f4xx_hal_tim.o(.text.HAL_TIM_OnePulse_ConfigChannel), (394 bytes).
    Removing stm32f4xx_hal_tim.o(.ARM.exidx.text.HAL_TIM_OnePulse_ConfigChannel), (8 bytes).
    Removing stm32f4xx_hal_tim.o(.text.HAL_TIM_DMABurst_WriteStart), (62 bytes).
    Removing stm32f4xx_hal_tim.o(.ARM.exidx.text.HAL_TIM_DMABurst_WriteStart), (8 bytes).
    Removing stm32f4xx_hal_tim.o(.text.HAL_TIM_DMABurst_MultiWriteStart), (736 bytes).
    Removing stm32f4xx_hal_tim.o(.ARM.exidx.text.HAL_TIM_DMABurst_MultiWriteStart), (8 bytes).
    Removing stm32f4xx_hal_tim.o(.text.TIM_DMATriggerCplt), (42 bytes).
    Removing stm32f4xx_hal_tim.o(.ARM.exidx.text.TIM_DMATriggerCplt), (8 bytes).
    Removing stm32f4xx_hal_tim.o(.text.TIM_DMATriggerHalfCplt), (22 bytes).
    Removing stm32f4xx_hal_tim.o(.ARM.exidx.text.TIM_DMATriggerHalfCplt), (8 bytes).
    Removing stm32f4xx_hal_tim.o(.text.HAL_TIM_DMABurst_WriteStop), (202 bytes).
    Removing stm32f4xx_hal_tim.o(.ARM.exidx.text.HAL_TIM_DMABurst_WriteStop), (8 bytes).
    Removing stm32f4xx_hal_tim.o(.text.HAL_TIM_DMABurst_ReadStart), (62 bytes).
    Removing stm32f4xx_hal_tim.o(.ARM.exidx.text.HAL_TIM_DMABurst_ReadStart), (8 bytes).
    Removing stm32f4xx_hal_tim.o(.text.HAL_TIM_DMABurst_MultiReadStart), (736 bytes).
    Removing stm32f4xx_hal_tim.o(.ARM.exidx.text.HAL_TIM_DMABurst_MultiReadStart), (8 bytes).
    Removing stm32f4xx_hal_tim.o(.text.HAL_TIM_DMABurst_ReadStop), (202 bytes).
    Removing stm32f4xx_hal_tim.o(.ARM.exidx.text.HAL_TIM_DMABurst_ReadStop), (8 bytes).
    Removing stm32f4xx_hal_tim.o(.text.HAL_TIM_GenerateEvent), (92 bytes).
    Removing stm32f4xx_hal_tim.o(.ARM.exidx.text.HAL_TIM_GenerateEvent), (8 bytes).
    Removing stm32f4xx_hal_tim.o(.text.HAL_TIM_ConfigOCrefClear), (384 bytes).
    Removing stm32f4xx_hal_tim.o(.ARM.exidx.text.HAL_TIM_ConfigOCrefClear), (8 bytes).
    Removing stm32f4xx_hal_tim.o(.text.TIM_ETR_SetConfig), (52 bytes).
    Removing stm32f4xx_hal_tim.o(.ARM.exidx.text.TIM_ETR_SetConfig), (8 bytes).
    Removing stm32f4xx_hal_tim.o(.text.HAL_TIM_ConfigClockSource), (388 bytes).
    Removing stm32f4xx_hal_tim.o(.ARM.exidx.text.HAL_TIM_ConfigClockSource), (8 bytes).
    Removing stm32f4xx_hal_tim.o(.text.TIM_TI1_ConfigInputStage), (80 bytes).
    Removing stm32f4xx_hal_tim.o(.ARM.exidx.text.TIM_TI1_ConfigInputStage), (8 bytes).
    Removing stm32f4xx_hal_tim.o(.text.TIM_ITRx_SetConfig), (42 bytes).
    Removing stm32f4xx_hal_tim.o(.ARM.exidx.text.TIM_ITRx_SetConfig), (8 bytes).
    Removing stm32f4xx_hal_tim.o(.text.TIM_TI2_ConfigInputStage), (82 bytes).
    Removing stm32f4xx_hal_tim.o(.ARM.exidx.text.TIM_TI2_ConfigInputStage), (8 bytes).
    Removing stm32f4xx_hal_tim.o(.text.HAL_TIM_ConfigTI1Input), (44 bytes).
    Removing stm32f4xx_hal_tim.o(.ARM.exidx.text.HAL_TIM_ConfigTI1Input), (8 bytes).
    Removing stm32f4xx_hal_tim.o(.text.HAL_TIM_SlaveConfigSynchro), (150 bytes).
    Removing stm32f4xx_hal_tim.o(.ARM.exidx.text.HAL_TIM_SlaveConfigSynchro), (8 bytes).
    Removing stm32f4xx_hal_tim.o(.text.TIM_SlaveTimer_SetConfig), (296 bytes).
    Removing stm32f4xx_hal_tim.o(.ARM.exidx.text.TIM_SlaveTimer_SetConfig), (8 bytes).
    Removing stm32f4xx_hal_tim.o(.text.HAL_TIM_SlaveConfigSynchro_IT), (150 bytes).
    Removing stm32f4xx_hal_tim.o(.ARM.exidx.text.HAL_TIM_SlaveConfigSynchro_IT), (8 bytes).
    Removing stm32f4xx_hal_tim.o(.text.HAL_TIM_ReadCapturedValue), (86 bytes).
    Removing stm32f4xx_hal_tim.o(.ARM.exidx.text.HAL_TIM_ReadCapturedValue), (8 bytes).
    Removing stm32f4xx_hal_tim.o(.text.HAL_TIM_PeriodElapsedHalfCpltCallback), (8 bytes).
    Removing stm32f4xx_hal_tim.o(.ARM.exidx.text.HAL_TIM_PeriodElapsedHalfCpltCallback), (8 bytes).
    Removing stm32f4xx_hal_tim.o(.text.HAL_TIM_IC_CaptureHalfCpltCallback), (8 bytes).
    Removing stm32f4xx_hal_tim.o(.ARM.exidx.text.HAL_TIM_IC_CaptureHalfCpltCallback), (8 bytes).
    Removing stm32f4xx_hal_tim.o(.text.HAL_TIM_PWM_PulseFinishedHalfCpltCallback), (8 bytes).
    Removing stm32f4xx_hal_tim.o(.ARM.exidx.text.HAL_TIM_PWM_PulseFinishedHalfCpltCallback), (8 bytes).
    Removing stm32f4xx_hal_tim.o(.text.HAL_TIM_TriggerHalfCpltCallback), (8 bytes).
    Removing stm32f4xx_hal_tim.o(.ARM.exidx.text.HAL_TIM_TriggerHalfCpltCallback), (8 bytes).
    Removing stm32f4xx_hal_tim.o(.text.HAL_TIM_ErrorCallback), (8 bytes).
    Removing stm32f4xx_hal_tim.o(.ARM.exidx.text.HAL_TIM_ErrorCallback), (8 bytes).
    Removing stm32f4xx_hal_tim.o(.text.HAL_TIM_Base_GetState), (14 bytes).
    Removing stm32f4xx_hal_tim.o(.ARM.exidx.text.HAL_TIM_Base_GetState), (8 bytes).
    Removing stm32f4xx_hal_tim.o(.text.HAL_TIM_OC_GetState), (14 bytes).
    Removing stm32f4xx_hal_tim.o(.ARM.exidx.text.HAL_TIM_OC_GetState), (8 bytes).
    Removing stm32f4xx_hal_tim.o(.text.HAL_TIM_PWM_GetState), (14 bytes).
    Removing stm32f4xx_hal_tim.o(.ARM.exidx.text.HAL_TIM_PWM_GetState), (8 bytes).
    Removing stm32f4xx_hal_tim.o(.text.HAL_TIM_IC_GetState), (14 bytes).
    Removing stm32f4xx_hal_tim.o(.ARM.exidx.text.HAL_TIM_IC_GetState), (8 bytes).
    Removing stm32f4xx_hal_tim.o(.text.HAL_TIM_OnePulse_GetState), (14 bytes).
    Removing stm32f4xx_hal_tim.o(.ARM.exidx.text.HAL_TIM_OnePulse_GetState), (8 bytes).
    Removing stm32f4xx_hal_tim.o(.text.HAL_TIM_Encoder_GetState), (14 bytes).
    Removing stm32f4xx_hal_tim.o(.ARM.exidx.text.HAL_TIM_Encoder_GetState), (8 bytes).
    Removing stm32f4xx_hal_tim.o(.text.HAL_TIM_GetActiveChannel), (12 bytes).
    Removing stm32f4xx_hal_tim.o(.ARM.exidx.text.HAL_TIM_GetActiveChannel), (8 bytes).
    Removing stm32f4xx_hal_tim.o(.text.HAL_TIM_GetChannelState), (94 bytes).
    Removing stm32f4xx_hal_tim.o(.ARM.exidx.text.HAL_TIM_GetChannelState), (8 bytes).
    Removing stm32f4xx_hal_tim.o(.text.HAL_TIM_DMABurstState), (14 bytes).
    Removing stm32f4xx_hal_tim.o(.ARM.exidx.text.HAL_TIM_DMABurstState), (8 bytes).
    Removing stm32f4xx_hal_rcc_ex.o(.text), (0 bytes).
    Removing stm32f4xx_hal_rcc_ex.o(.text.HAL_RCCEx_PeriphCLKConfig), (592 bytes).
    Removing stm32f4xx_hal_rcc_ex.o(.ARM.exidx.text.HAL_RCCEx_PeriphCLKConfig), (8 bytes).
    Removing stm32f4xx_hal_rcc_ex.o(.text.HAL_RCCEx_GetPeriphCLKConfig), (114 bytes).
    Removing stm32f4xx_hal_rcc_ex.o(.ARM.exidx.text.HAL_RCCEx_GetPeriphCLKConfig), (8 bytes).
    Removing stm32f4xx_hal_rcc_ex.o(.text.HAL_RCCEx_GetPeriphCLKFreq), (198 bytes).
    Removing stm32f4xx_hal_rcc_ex.o(.ARM.exidx.text.HAL_RCCEx_GetPeriphCLKFreq), (8 bytes).
    Removing stm32f4xx_hal_rcc_ex.o(.text.HAL_RCCEx_EnablePLLI2S), (176 bytes).
    Removing stm32f4xx_hal_rcc_ex.o(.ARM.exidx.text.HAL_RCCEx_EnablePLLI2S), (8 bytes).
    Removing stm32f4xx_hal_rcc_ex.o(.text.HAL_RCCEx_DisablePLLI2S), (80 bytes).
    Removing stm32f4xx_hal_rcc_ex.o(.ARM.exidx.text.HAL_RCCEx_DisablePLLI2S), (8 bytes).
    Removing stm32f4xx_hal_rcc_ex.o(.text.HAL_RCC_DeInit), (512 bytes).
    Removing stm32f4xx_hal_rcc_ex.o(.ARM.exidx.text.HAL_RCC_DeInit), (8 bytes).
    Removing stm32f4xx_hal_gpio.o(.text), (0 bytes).
    Removing stm32f4xx_hal_gpio.o(.ARM.exidx.text.HAL_GPIO_Init), (8 bytes).
    Removing stm32f4xx_hal_gpio.o(.text.HAL_GPIO_DeInit), (464 bytes).
    Removing stm32f4xx_hal_gpio.o(.ARM.exidx.text.HAL_GPIO_DeInit), (8 bytes).
    Removing stm32f4xx_hal_gpio.o(.text.HAL_GPIO_ReadPin), (46 bytes).
    Removing stm32f4xx_hal_gpio.o(.ARM.exidx.text.HAL_GPIO_ReadPin), (8 bytes).
    Removing stm32f4xx_hal_gpio.o(.ARM.exidx.text.HAL_GPIO_WritePin), (8 bytes).
    Removing stm32f4xx_hal_gpio.o(.ARM.exidx.text.HAL_GPIO_TogglePin), (8 bytes).
    Removing stm32f4xx_hal_gpio.o(.text.HAL_GPIO_LockPin), (86 bytes).
    Removing stm32f4xx_hal_gpio.o(.ARM.exidx.text.HAL_GPIO_LockPin), (8 bytes).
    Removing stm32f4xx_hal_gpio.o(.text.HAL_GPIO_EXTI_IRQHandler), (56 bytes).
    Removing stm32f4xx_hal_gpio.o(.ARM.exidx.text.HAL_GPIO_EXTI_IRQHandler), (8 bytes).
    Removing stm32f4xx_hal_gpio.o(.text.HAL_GPIO_EXTI_Callback), (10 bytes).
    Removing stm32f4xx_hal_gpio.o(.ARM.exidx.text.HAL_GPIO_EXTI_Callback), (8 bytes).
    Removing startup_stm32f401xe.o(HEAP), (512 bytes).
    Removing stm32f4xx_it.o(.text), (0 bytes).
    Removing stm32f4xx_it.o(.ARM.exidx.text.NMI_Handler), (8 bytes).
    Removing stm32f4xx_it.o(.ARM.exidx.text.HardFault_Handler), (8 bytes).
    Removing stm32f4xx_it.o(.ARM.exidx.text.MemManage_Handler), (8 bytes).
    Removing stm32f4xx_it.o(.ARM.exidx.text.BusFault_Handler), (8 bytes).
    Removing stm32f4xx_it.o(.ARM.exidx.text.UsageFault_Handler), (8 bytes).
    Removing stm32f4xx_it.o(.ARM.exidx.text.DebugMon_Handler), (8 bytes).
    Removing stm32f4xx_it.o(.ARM.exidx.text.SysTick_Handler), (8 bytes).
    Removing stm32f4xx_it.o(.ARM.exidx.text.TIM4_IRQHandler), (8 bytes).
    Removing stm32f4xx_hal_msp.o(.text), (0 bytes).
    Removing stm32f4xx_hal_msp.o(.text.HAL_TIM_IC_MspInit), (130 bytes).
    Removing stm32f4xx_hal_msp.o(.ARM.exidx.text.HAL_TIM_IC_MspInit), (8 bytes).
    Removing main.o(.text), (0 bytes).
    Removing main.o(.text.vTaskCode), (24 bytes).
    Removing main.o(.ARM.exidx.text.vTaskCode), (8 bytes).
    Removing main.o(.ARM.exidx.text.vOtherFunction), (8 bytes).
    Removing main.o(.ARM.exidx.text.main), (8 bytes).
    Removing main.o(.ARM.exidx.text.Error_Handler), (8 bytes).
    Removing main.o(.ARM.exidx.text.SystemClock_Config), (8 bytes).
    Removing main.o(.ARM.exidx.text.prvSetupHardware), (8 bytes).
    Removing main.o(.bss.uwIC2Value), (4 bytes).
    Removing main.o(.bss.uwDutyCycle), (4 bytes).
    Removing main.o(.bss.uwFrequency), (4 bytes).
    Removing main.o(.bss.sConfig), (16 bytes).
    Removing main.o(.bss.sSlaveConfig), (20 bytes).
    Removing main.o(.ARM.use_no_argv), (4 bytes).
    Removing flash.o(.text), (0 bytes).
    Removing flash.o(.ARM.exidx.text.vStartLEDFlashTasks), (8 bytes).
    Removing flash.o(.ARM.exidx.text.vLEDFlashTask), (8 bytes).
    Removing partest.o(.text), (0 bytes).
    Removing partest.o(.ARM.exidx.text.vParTestInitialise), (8 bytes).
    Removing partest.o(.text.vParTestSetLED), (48 bytes).
    Removing partest.o(.ARM.exidx.text.vParTestSetLED), (8 bytes).
    Removing partest.o(.ARM.exidx.text.vParTestToggleLED), (8 bytes).
    Removing system_stm32f4xx.o(.text), (0 bytes).
    Removing system_stm32f4xx.o(.ARM.exidx.text.SystemInit), (8 bytes).
    Removing system_stm32f4xx.o(.text.SystemCoreClockUpdate), (302 bytes).
    Removing system_stm32f4xx.o(.ARM.exidx.text.SystemCoreClockUpdate), (8 bytes).
    Removing system_stm32f4xx.o(.rodata.APBPrescTable), (8 bytes).
    Removing croutine.o(.text), (0 bytes).
    Removing event_groups.o(.text), (0 bytes).
    Removing event_groups.o(.text.xEventGroupCreate), (42 bytes).
    Removing event_groups.o(.ARM.exidx.text.xEventGroupCreate), (8 bytes).
    Removing event_groups.o(.text.xEventGroupSync), (246 bytes).
    Removing event_groups.o(.ARM.exidx.text.xEventGroupSync), (8 bytes).
    Removing event_groups.o(.text.xEventGroupSetBits), (224 bytes).
    Removing event_groups.o(.ARM.exidx.text.xEventGroupSetBits), (8 bytes).
    Removing event_groups.o(.text.xEventGroupWaitBits), (300 bytes).
    Removing event_groups.o(.ARM.exidx.text.xEventGroupWaitBits), (8 bytes).
    Removing event_groups.o(.text.prvTestWaitCondition), (66 bytes).
    Removing event_groups.o(.ARM.exidx.text.prvTestWaitCondition), (8 bytes).
    Removing event_groups.o(.text.xEventGroupClearBits), (42 bytes).
    Removing event_groups.o(.ARM.exidx.text.xEventGroupClearBits), (8 bytes).
    Removing event_groups.o(.text.xEventGroupGetBitsFromISR), (58 bytes).
    Removing event_groups.o(.ARM.exidx.text.xEventGroupGetBitsFromISR), (8 bytes).
    Removing event_groups.o(.text.vEventGroupDelete), (58 bytes).
    Removing event_groups.o(.ARM.exidx.text.vEventGroupDelete), (8 bytes).
    Removing event_groups.o(.text.vEventGroupSetBitsCallback), (20 bytes).
    Removing event_groups.o(.ARM.exidx.text.vEventGroupSetBitsCallback), (8 bytes).
    Removing event_groups.o(.text.vEventGroupClearBitsCallback), (20 bytes).
    Removing event_groups.o(.ARM.exidx.text.vEventGroupClearBitsCallback), (8 bytes).
    Removing list.o(.text), (0 bytes).
    Removing list.o(.ARM.exidx.text.vListInitialise), (8 bytes).
    Removing list.o(.ARM.exidx.text.vListInitialiseItem), (8 bytes).
    Removing list.o(.text.vListInsertEnd), (58 bytes).
    Removing list.o(.ARM.exidx.text.vListInsertEnd), (8 bytes).
    Removing list.o(.ARM.exidx.text.vListInsert), (8 bytes).
    Removing list.o(.ARM.exidx.text.uxListRemove), (8 bytes).
    Removing queue.o(.text), (0 bytes).
    Removing queue.o(.text.xQueueGenericReset), (208 bytes).
    Removing queue.o(.ARM.exidx.text.xQueueGenericReset), (8 bytes).
    Removing queue.o(.text.xQueueGenericCreate), (126 bytes).
    Removing queue.o(.ARM.exidx.text.xQueueGenericCreate), (8 bytes).
    Removing queue.o(.text.prvInitialiseNewQueue), (62 bytes).
    Removing queue.o(.ARM.exidx.text.prvInitialiseNewQueue), (8 bytes).
    Removing queue.o(.text.xQueueGenericSend), (362 bytes).
    Removing queue.o(.ARM.exidx.text.xQueueGenericSend), (8 bytes).
    Removing queue.o(.text.prvCopyDataToQueue), (176 bytes).
    Removing queue.o(.ARM.exidx.text.prvCopyDataToQueue), (8 bytes).
    Removing queue.o(.text.prvIsQueueFull), (46 bytes).
    Removing queue.o(.ARM.exidx.text.prvIsQueueFull), (8 bytes).
    Removing queue.o(.text.prvUnlockQueue), (174 bytes).
    Removing queue.o(.ARM.exidx.text.prvUnlockQueue), (8 bytes).
    Removing queue.o(.text.xQueueGenericSendFromISR), (210 bytes).
    Removing queue.o(.ARM.exidx.text.xQueueGenericSendFromISR), (8 bytes).
    Removing queue.o(.text.xQueueGiveFromISR), (194 bytes).
    Removing queue.o(.ARM.exidx.text.xQueueGiveFromISR), (8 bytes).
    Removing queue.o(.text.xQueueReceive), (338 bytes).
    Removing queue.o(.ARM.exidx.text.xQueueReceive), (8 bytes).
    Removing queue.o(.text.prvCopyDataFromQueue), (66 bytes).
    Removing queue.o(.ARM.exidx.text.prvCopyDataFromQueue), (8 bytes).
    Removing queue.o(.text.prvIsQueueEmpty), (40 bytes).
    Removing queue.o(.ARM.exidx.text.prvIsQueueEmpty), (8 bytes).
    Removing queue.o(.text.xQueueSemaphoreTake), (328 bytes).
    Removing queue.o(.ARM.exidx.text.xQueueSemaphoreTake), (8 bytes).
    Removing queue.o(.text.xQueuePeek), (342 bytes).
    Removing queue.o(.ARM.exidx.text.xQueuePeek), (8 bytes).
    Removing queue.o(.text.xQueueReceiveFromISR), (198 bytes).
    Removing queue.o(.ARM.exidx.text.xQueueReceiveFromISR), (8 bytes).
    Removing queue.o(.text.xQueuePeekFromISR), (96 bytes).
    Removing queue.o(.ARM.exidx.text.xQueuePeekFromISR), (8 bytes).
    Removing queue.o(.text.uxQueueMessagesWaiting), (26 bytes).
    Removing queue.o(.ARM.exidx.text.uxQueueMessagesWaiting), (8 bytes).
    Removing queue.o(.text.uxQueueSpacesAvailable), (34 bytes).
    Removing queue.o(.ARM.exidx.text.uxQueueSpacesAvailable), (8 bytes).
    Removing queue.o(.text.uxQueueMessagesWaitingFromISR), (20 bytes).
    Removing queue.o(.ARM.exidx.text.uxQueueMessagesWaitingFromISR), (8 bytes).
    Removing queue.o(.text.vQueueDelete), (20 bytes).
    Removing queue.o(.ARM.exidx.text.vQueueDelete), (8 bytes).
    Removing queue.o(.text.xQueueIsQueueEmptyFromISR), (34 bytes).
    Removing queue.o(.ARM.exidx.text.xQueueIsQueueEmptyFromISR), (8 bytes).
    Removing queue.o(.text.xQueueIsQueueFullFromISR), (40 bytes).
    Removing queue.o(.ARM.exidx.text.xQueueIsQueueFullFromISR), (8 bytes).
    Removing stream_buffer.o(.text), (0 bytes).
    Removing stream_buffer.o(.text.xStreamBufferGenericCreate), (140 bytes).
    Removing stream_buffer.o(.ARM.exidx.text.xStreamBufferGenericCreate), (8 bytes).
    Removing stream_buffer.o(.text.prvInitialiseNewStreamBuffer), (74 bytes).
    Removing stream_buffer.o(.ARM.exidx.text.prvInitialiseNewStreamBuffer), (8 bytes).
    Removing stream_buffer.o(.text.vStreamBufferDelete), (60 bytes).
    Removing stream_buffer.o(.ARM.exidx.text.vStreamBufferDelete), (8 bytes).
    Removing stream_buffer.o(.text.xStreamBufferReset), (88 bytes).
    Removing stream_buffer.o(.ARM.exidx.text.xStreamBufferReset), (8 bytes).
    Removing stream_buffer.o(.text.xStreamBufferSetTriggerLevel), (58 bytes).
    Removing stream_buffer.o(.ARM.exidx.text.xStreamBufferSetTriggerLevel), (8 bytes).
    Removing stream_buffer.o(.text.xStreamBufferSpacesAvailable), (88 bytes).
    Removing stream_buffer.o(.ARM.exidx.text.xStreamBufferSpacesAvailable), (8 bytes).
    Removing stream_buffer.o(.text.xStreamBufferBytesAvailable), (24 bytes).
    Removing stream_buffer.o(.ARM.exidx.text.xStreamBufferBytesAvailable), (8 bytes).
    Removing stream_buffer.o(.text.prvBytesInBuffer), (56 bytes).
    Removing stream_buffer.o(.ARM.exidx.text.prvBytesInBuffer), (8 bytes).
    Removing stream_buffer.o(.text.xStreamBufferSend), (322 bytes).
    Removing stream_buffer.o(.ARM.exidx.text.xStreamBufferSend), (8 bytes).
    Removing stream_buffer.o(.text.prvWriteMessageToBuffer), (128 bytes).
    Removing stream_buffer.o(.ARM.exidx.text.prvWriteMessageToBuffer), (8 bytes).
    Removing stream_buffer.o(.text.xStreamBufferSendFromISR), (186 bytes).
    Removing stream_buffer.o(.ARM.exidx.text.xStreamBufferSendFromISR), (8 bytes).
    Removing stream_buffer.o(.text.xStreamBufferReceive), (242 bytes).
    Removing stream_buffer.o(.ARM.exidx.text.xStreamBufferReceive), (8 bytes).
    Removing stream_buffer.o(.text.prvReadMessageFromBuffer), (134 bytes).
    Removing stream_buffer.o(.ARM.exidx.text.prvReadMessageFromBuffer), (8 bytes).
    Removing stream_buffer.o(.text.xStreamBufferNextMessageLengthBytes), (74 bytes).
    Removing stream_buffer.o(.ARM.exidx.text.xStreamBufferNextMessageLengthBytes), (8 bytes).
    Removing stream_buffer.o(.text.prvReadBytesFromBuffer), (136 bytes).
    Removing stream_buffer.o(.ARM.exidx.text.prvReadBytesFromBuffer), (8 bytes).
    Removing stream_buffer.o(.text.xStreamBufferReceiveFromISR), (172 bytes).
    Removing stream_buffer.o(.ARM.exidx.text.xStreamBufferReceiveFromISR), (8 bytes).
    Removing stream_buffer.o(.text.xStreamBufferIsEmpty), (44 bytes).
    Removing stream_buffer.o(.ARM.exidx.text.xStreamBufferIsEmpty), (8 bytes).
    Removing stream_buffer.o(.text.xStreamBufferIsFull), (64 bytes).
    Removing stream_buffer.o(.ARM.exidx.text.xStreamBufferIsFull), (8 bytes).
    Removing stream_buffer.o(.text.xStreamBufferSendCompletedFromISR), (106 bytes).
    Removing stream_buffer.o(.ARM.exidx.text.xStreamBufferSendCompletedFromISR), (8 bytes).
    Removing stream_buffer.o(.text.xStreamBufferReceiveCompletedFromISR), (106 bytes).
    Removing stream_buffer.o(.ARM.exidx.text.xStreamBufferReceiveCompletedFromISR), (8 bytes).
    Removing stream_buffer.o(.text.prvWriteBytesToBuffer), (138 bytes).
    Removing stream_buffer.o(.ARM.exidx.text.prvWriteBytesToBuffer), (8 bytes).
    Removing tasks.o(.text), (0 bytes).
    Removing tasks.o(.ARM.exidx.text.xTaskCreate), (8 bytes).
    Removing tasks.o(.ARM.exidx.text.prvInitialiseNewTask), (8 bytes).
    Removing tasks.o(.ARM.exidx.text.prvAddNewTaskToReadyList), (8 bytes).
    Removing tasks.o(.text.vTaskDelete), (304 bytes).
    Removing tasks.o(.ARM.exidx.text.vTaskDelete), (8 bytes).
    Removing tasks.o(.ARM.exidx.text.prvResetNextTaskUnblockTime), (8 bytes).
    Removing tasks.o(.ARM.exidx.text.prvDeleteTCB), (8 bytes).
    Removing tasks.o(.ARM.exidx.text.xTaskDelayUntil), (8 bytes).
    Removing tasks.o(.ARM.exidx.text.vTaskSuspendAll), (8 bytes).
    Removing tasks.o(.ARM.exidx.text.prvAddCurrentTaskToDelayedList), (8 bytes).
    Removing tasks.o(.ARM.exidx.text.xTaskResumeAll), (8 bytes).
    Removing tasks.o(.text.vTaskDelay), (74 bytes).
    Removing tasks.o(.ARM.exidx.text.vTaskDelay), (8 bytes).
    Removing tasks.o(.text.uxTaskPriorityGet), (56 bytes).
    Removing tasks.o(.ARM.exidx.text.uxTaskPriorityGet), (8 bytes).
    Removing tasks.o(.text.uxTaskPriorityGetFromISR), (84 bytes).
    Removing tasks.o(.ARM.exidx.text.uxTaskPriorityGetFromISR), (8 bytes).
    Removing tasks.o(.text.vTaskPrioritySet), (432 bytes).
    Removing tasks.o(.ARM.exidx.text.vTaskPrioritySet), (8 bytes).
    Removing tasks.o(.text.vTaskSuspend), (342 bytes).
    Removing tasks.o(.ARM.exidx.text.vTaskSuspend), (8 bytes).
    Removing tasks.o(.ARM.exidx.text.vTaskSwitchContext), (8 bytes).
    Removing tasks.o(.text.vTaskResume), (236 bytes).
    Removing tasks.o(.ARM.exidx.text.vTaskResume), (8 bytes).
    Removing tasks.o(.text.prvTaskIsTaskSuspended), (78 bytes).
    Removing tasks.o(.ARM.exidx.text.prvTaskIsTaskSuspended), (8 bytes).
    Removing tasks.o(.text.xTaskResumeFromISR), (272 bytes).
    Removing tasks.o(.ARM.exidx.text.xTaskResumeFromISR), (8 bytes).
    Removing tasks.o(.ARM.exidx.text.vTaskStartScheduler), (8 bytes).
    Removing tasks.o(.ARM.exidx.text.prvIdleTask), (8 bytes).
    Removing tasks.o(.text.vTaskEndScheduler), (42 bytes).
    Removing tasks.o(.ARM.exidx.text.vTaskEndScheduler), (8 bytes).
    Removing tasks.o(.ARM.exidx.text.xTaskIncrementTick), (8 bytes).
    Removing tasks.o(.ARM.exidx.text.xTaskGetTickCount), (8 bytes).
    Removing tasks.o(.text.xTaskGetTickCountFromISR), (24 bytes).
    Removing tasks.o(.ARM.exidx.text.xTaskGetTickCountFromISR), (8 bytes).
    Removing tasks.o(.text.uxTaskGetNumberOfTasks), (12 bytes).
    Removing tasks.o(.ARM.exidx.text.uxTaskGetNumberOfTasks), (8 bytes).
    Removing tasks.o(.text.pcTaskGetName), (42 bytes).
    Removing tasks.o(.ARM.exidx.text.pcTaskGetName), (8 bytes).
    Removing tasks.o(.text.xTaskCatchUpTicks), (46 bytes).
    Removing tasks.o(.ARM.exidx.text.xTaskCatchUpTicks), (8 bytes).
    Removing tasks.o(.text.vTaskPlaceOnEventList), (38 bytes).
    Removing tasks.o(.ARM.exidx.text.vTaskPlaceOnEventList), (8 bytes).
    Removing tasks.o(.text.vTaskPlaceOnUnorderedEventList), (92 bytes).
    Removing tasks.o(.ARM.exidx.text.vTaskPlaceOnUnorderedEventList), (8 bytes).
    Removing tasks.o(.text.xTaskRemoveFromEventList), (368 bytes).
    Removing tasks.o(.ARM.exidx.text.xTaskRemoveFromEventList), (8 bytes).
    Removing tasks.o(.text.vTaskRemoveFromUnorderedEventList), (292 bytes).
    Removing tasks.o(.ARM.exidx.text.vTaskRemoveFromUnorderedEventList), (8 bytes).
    Removing tasks.o(.text.vTaskSetTimeOutState), (46 bytes).
    Removing tasks.o(.ARM.exidx.text.vTaskSetTimeOutState), (8 bytes).
    Removing tasks.o(.text.vTaskInternalSetTimeOutState), (36 bytes).
    Removing tasks.o(.ARM.exidx.text.vTaskInternalSetTimeOutState), (8 bytes).
    Removing tasks.o(.text.xTaskCheckForTimeOut), (154 bytes).
    Removing tasks.o(.ARM.exidx.text.xTaskCheckForTimeOut), (8 bytes).
    Removing tasks.o(.text.vTaskMissedYield), (14 bytes).
    Removing tasks.o(.ARM.exidx.text.vTaskMissedYield), (8 bytes).
    Removing tasks.o(.text.xTaskGetCurrentTaskHandle), (20 bytes).
    Removing tasks.o(.ARM.exidx.text.xTaskGetCurrentTaskHandle), (8 bytes).
    Removing tasks.o(.text.uxTaskResetEventItemValue), (34 bytes).
    Removing tasks.o(.ARM.exidx.text.uxTaskResetEventItemValue), (8 bytes).
    Removing tasks.o(.text.ulTaskGenericNotifyTake), (220 bytes).
    Removing tasks.o(.ARM.exidx.text.ulTaskGenericNotifyTake), (8 bytes).
    Removing tasks.o(.text.xTaskGenericNotifyWait), (252 bytes).
    Removing tasks.o(.ARM.exidx.text.xTaskGenericNotifyWait), (8 bytes).
    Removing tasks.o(.text.xTaskGenericNotify), (430 bytes).
    Removing tasks.o(.ARM.exidx.text.xTaskGenericNotify), (8 bytes).
    Removing tasks.o(.text.xTaskGenericNotifyFromISR), (540 bytes).
    Removing tasks.o(.ARM.exidx.text.xTaskGenericNotifyFromISR), (8 bytes).
    Removing tasks.o(.text.vTaskGenericNotifyGiveFromISR), (406 bytes).
    Removing tasks.o(.ARM.exidx.text.vTaskGenericNotifyGiveFromISR), (8 bytes).
    Removing tasks.o(.text.xTaskGenericNotifyStateClear), (92 bytes).
    Removing tasks.o(.ARM.exidx.text.xTaskGenericNotifyStateClear), (8 bytes).
    Removing tasks.o(.text.ulTaskGenericNotifyValueClear), (82 bytes).
    Removing tasks.o(.ARM.exidx.text.ulTaskGenericNotifyValueClear), (8 bytes).
    Removing tasks.o(.ARM.exidx.text.prvInitialiseTaskLists), (8 bytes).
    Removing tasks.o(.ARM.exidx.text.prvCheckTasksWaitingTermination), (8 bytes).
    Removing timers.o(.text), (0 bytes).
    Removing heap_4.o(.text), (0 bytes).
    Removing heap_4.o(.ARM.exidx.text.pvPortMalloc), (8 bytes).
    Removing heap_4.o(.ARM.exidx.text.prvHeapInit), (8 bytes).
    Removing heap_4.o(.ARM.exidx.text.prvInsertBlockIntoFreeList), (8 bytes).
    Removing heap_4.o(.ARM.exidx.text.vPortFree), (8 bytes).
    Removing heap_4.o(.text.xPortGetFreeHeapSize), (12 bytes).
    Removing heap_4.o(.ARM.exidx.text.xPortGetFreeHeapSize), (8 bytes).
    Removing heap_4.o(.text.xPortGetMinimumEverFreeHeapSize), (12 bytes).
    Removing heap_4.o(.ARM.exidx.text.xPortGetMinimumEverFreeHeapSize), (8 bytes).
    Removing heap_4.o(.text.vPortInitialiseBlocks), (2 bytes).
    Removing heap_4.o(.ARM.exidx.text.vPortInitialiseBlocks), (8 bytes).
    Removing heap_4.o(.text.pvPortCalloc), (92 bytes).
    Removing heap_4.o(.ARM.exidx.text.pvPortCalloc), (8 bytes).
    Removing heap_4.o(.text.vPortGetHeapStats), (206 bytes).
    Removing heap_4.o(.ARM.exidx.text.vPortGetHeapStats), (8 bytes).
    Removing port.o(.text), (0 bytes).
    Removing port.o(.ARM.exidx.text.pxPortInitialiseStack), (8 bytes).
    Removing port.o(.ARM.exidx.text.prvTaskExitError), (8 bytes).
    Removing port.o(.ARM.exidx.text.SVC_Handler), (8 bytes).
    Removing port.o(.ARM.exidx.text.xPortStartScheduler), (8 bytes).
    Removing port.o(.ARM.exidx.text.vPortSetupTimerInterrupt), (8 bytes).
    Removing port.o(.ARM.exidx.text.vPortEnableVFP), (8 bytes).
    Removing port.o(.ARM.exidx.text.prvPortStartFirstTask), (8 bytes).
    Removing port.o(.text.vPortEndScheduler), (2 bytes).
    Removing port.o(.ARM.exidx.text.vPortEndScheduler), (8 bytes).
    Removing port.o(.ARM.exidx.text.vPortEnterCritical), (8 bytes).
    Removing port.o(.ARM.exidx.text.vPortExitCritical), (8 bytes).
    Removing port.o(.ARM.exidx.text.PendSV_Handler), (8 bytes).
    Removing port.o(.ARM.exidx.text.xPortSysTickHandler), (8 bytes).

1135 unused section(s) (total 91915 bytes) removed from the image.

==============================================================================

Image Symbol Table

    Local Symbols

    Symbol Name                              Value     Ov Type        Size  Object(Section)

    ../clib/microlib/division.c              0x00000000   Number         0  uldiv.o ABSOLUTE
    ../clib/microlib/init/entry.s            0x00000000   Number         0  entry.o ABSOLUTE
    ../clib/microlib/init/entry.s            0x00000000   Number         0  entry2.o ABSOLUTE
    ../clib/microlib/init/entry.s            0x00000000   Number         0  entry5.o ABSOLUTE
    ../clib/microlib/init/entry.s            0x00000000   Number         0  entry7a.o ABSOLUTE
    ../clib/microlib/init/entry.s            0x00000000   Number         0  entry7b.o ABSOLUTE
    ../clib/microlib/init/entry.s            0x00000000   Number         0  entry8a.o ABSOLUTE
    ../clib/microlib/init/entry.s            0x00000000   Number         0  entry8b.o ABSOLUTE
    ../clib/microlib/init/entry.s            0x00000000   Number         0  entry9a.o ABSOLUTE
    ../clib/microlib/init/entry.s            0x00000000   Number         0  entry9b.o ABSOLUTE
    ../clib/microlib/init/entry.s            0x00000000   Number         0  entry10a.o ABSOLUTE
    ../clib/microlib/init/entry.s            0x00000000   Number         0  entry10b.o ABSOLUTE
    ../clib/microlib/init/entry.s            0x00000000   Number         0  entry11a.o ABSOLUTE
    ../clib/microlib/init/entry.s            0x00000000   Number         0  entry11b.o ABSOLUTE
    ../clib/microlib/longlong.c              0x00000000   Number         0  llshl.o ABSOLUTE
    ../clib/microlib/longlong.c              0x00000000   Number         0  llushr.o ABSOLUTE
    ../clib/microlib/string/memcpy.c         0x00000000   Number         0  memcpya.o ABSOLUTE
    ../clib/microlib/string/memcpy.c         0x00000000   Number         0  memcpyb.o ABSOLUTE
    ../clib/microlib/string/memset.c         0x00000000   Number         0  memseta.o ABSOLUTE
    ParTest.c                                0x00000000   Number         0  partest.o ABSOLUTE
    croutine.c                               0x00000000   Number         0  croutine.o ABSOLUTE
    dc.s                                     0x00000000   Number         0  dc.o ABSOLUTE
    event_groups.c                           0x00000000   Number         0  event_groups.o ABSOLUTE
    flash.c                                  0x00000000   Number         0  flash.o ABSOLUTE
    handlers.s                               0x00000000   Number         0  handlers.o ABSOLUTE
    heap_4.c                                 0x00000000   Number         0  heap_4.o ABSOLUTE
    init.s                                   0x00000000   Number         0  init.o ABSOLUTE
    list.c                                   0x00000000   Number         0  list.o ABSOLUTE
    main.c                                   0x00000000   Number         0  main.o ABSOLUTE
    port.c                                   0x00000000   Number         0  port.o ABSOLUTE
    queue.c                                  0x00000000   Number         0  queue.o ABSOLUTE
    startup_stm32f401xe.s                    0x00000000   Number         0  startup_stm32f401xe.o ABSOLUTE
    stm32f4xx_hal.c                          0x00000000   Number         0  stm32f4xx_hal.o ABSOLUTE
    stm32f4xx_hal_adc.c                      0x00000000   Number         0  stm32f4xx_hal_adc.o ABSOLUTE
    stm32f4xx_hal_adc_ex.c                   0x00000000   Number         0  stm32f4xx_hal_adc_ex.o ABSOLUTE
    stm32f4xx_hal_cortex.c                   0x00000000   Number         0  stm32f4xx_hal_cortex.o ABSOLUTE
    stm32f4xx_hal_dma.c                      0x00000000   Number         0  stm32f4xx_hal_dma.o ABSOLUTE
    stm32f4xx_hal_dma_ex.c                   0x00000000   Number         0  stm32f4xx_hal_dma_ex.o ABSOLUTE
    stm32f4xx_hal_flash.c                    0x00000000   Number         0  stm32f4xx_hal_flash.o ABSOLUTE
    stm32f4xx_hal_flash_ex.c                 0x00000000   Number         0  stm32f4xx_hal_flash_ex.o ABSOLUTE
    stm32f4xx_hal_gpio.c                     0x00000000   Number         0  stm32f4xx_hal_gpio.o ABSOLUTE
    stm32f4xx_hal_msp.c                      0x00000000   Number         0  stm32f4xx_hal_msp.o ABSOLUTE
    stm32f4xx_hal_rcc.c                      0x00000000   Number         0  stm32f4xx_hal_rcc.o ABSOLUTE
    stm32f4xx_hal_rcc_ex.c                   0x00000000   Number         0  stm32f4xx_hal_rcc_ex.o ABSOLUTE
    stm32f4xx_hal_spi.c                      0x00000000   Number         0  stm32f4xx_hal_spi.o ABSOLUTE
    stm32f4xx_hal_tim.c                      0x00000000   Number         0  stm32f4xx_hal_tim.o ABSOLUTE
    stm32f4xx_hal_tim_ex.c                   0x00000000   Number         0  stm32f4xx_hal_tim_ex.o ABSOLUTE
    stm32f4xx_it.c                           0x00000000   Number         0  stm32f4xx_it.o ABSOLUTE
    stm32f4xx_nucleo.c                       0x00000000   Number         0  stm32f4xx_nucleo.o ABSOLUTE
    stream_buffer.c                          0x00000000   Number         0  stream_buffer.o ABSOLUTE
    system_stm32f4xx.c                       0x00000000   Number         0  system_stm32f4xx.o ABSOLUTE
    tasks.c                                  0x00000000   Number         0  tasks.o ABSOLUTE
    timers.c                                 0x00000000   Number         0  timers.o ABSOLUTE
    RESET                                    0x08000000   Section      404  startup_stm32f401xe.o(RESET)
    .ARM.Collect$$$$00000000                 0x08000194   Section        0  entry.o(.ARM.Collect$$$$00000000)
    .ARM.Collect$$$$00000001                 0x08000194   Section        4  entry2.o(.ARM.Collect$$$$00000001)
    .ARM.Collect$$$$00000004                 0x08000198   Section        4  entry5.o(.ARM.Collect$$$$00000004)
    .ARM.Collect$$$$00000008                 0x0800019c   Section        0  entry7b.o(.ARM.Collect$$$$00000008)
    .ARM.Collect$$$$0000000A                 0x0800019c   Section        0  entry8b.o(.ARM.Collect$$$$0000000A)
    .ARM.Collect$$$$0000000B                 0x0800019c   Section        8  entry9a.o(.ARM.Collect$$$$0000000B)
    __lit__00000000                          0x080001a4   Data           4  entry2.o(.ARM.Collect$$$$00002712)
    .ARM.Collect$$$$0000000D                 0x080001a4   Section        0  entry10a.o(.ARM.Collect$$$$0000000D)
    .ARM.Collect$$$$0000000F                 0x080001a4   Section        0  entry11a.o(.ARM.Collect$$$$0000000F)
    .ARM.Collect$$$$00002712                 0x080001a4   Section        4  entry2.o(.ARM.Collect$$$$00002712)
    $v0                                      0x080001a8   Number         0  startup_stm32f401xe.o(.text)
    .text                                    0x080001a8   Section       36  startup_stm32f401xe.o(.text)
    .text                                    0x080001cc   Section        0  uldiv.o(.text)
    .text                                    0x0800022e   Section        0  memseta.o(.text)
    .text                                    0x08000252   Section        0  llshl.o(.text)
    .text                                    0x08000270   Section        0  llushr.o(.text)
    .text                                    0x08000290   Section       48  init.o(.text)
    [Anonymous Symbol]                       0x080002c0   Section        0  stm32f4xx_nucleo.o(.text.BSP_LED_Init)
    [Anonymous Symbol]                       0x08000340   Section        0  stm32f4xx_nucleo.o(.text.BSP_LED_On)
    [Anonymous Symbol]                       0x08000370   Section        0  stm32f4xx_nucleo.o(.text.BSP_LED_Toggle)
    [Anonymous Symbol]                       0x0800039c   Section        0  stm32f4xx_it.o(.text.BusFault_Handler)
    [Anonymous Symbol]                       0x080003a0   Section        0  stm32f4xx_it.o(.text.DebugMon_Handler)
    Error_Handler                            0x080003a5   Thumb Code    12  main.o(.text.Error_Handler)
    [Anonymous Symbol]                       0x080003a4   Section        0  main.o(.text.Error_Handler)
    [Anonymous Symbol]                       0x080003b0   Section        0  stm32f4xx_hal_gpio.o(.text.HAL_GPIO_Init)
    [Anonymous Symbol]                       0x08000714   Section        0  stm32f4xx_hal_gpio.o(.text.HAL_GPIO_TogglePin)
    [Anonymous Symbol]                       0x0800073c   Section        0  stm32f4xx_hal_gpio.o(.text.HAL_GPIO_WritePin)
    [Anonymous Symbol]                       0x0800076c   Section        0  stm32f4xx_hal.o(.text.HAL_GetTick)
    [Anonymous Symbol]                       0x08000778   Section        0  stm32f4xx_hal.o(.text.HAL_Init)
    [Anonymous Symbol]                       0x080007b0   Section        0  stm32f4xx_hal.o(.text.HAL_InitTick)
    [Anonymous Symbol]                       0x08000820   Section        0  stm32f4xx_hal.o(.text.HAL_MspInit)
    [Anonymous Symbol]                       0x08000824   Section        0  stm32f4xx_hal_cortex.o(.text.HAL_NVIC_SetPriority)
    [Anonymous Symbol]                       0x08000858   Section        0  stm32f4xx_hal_cortex.o(.text.HAL_NVIC_SetPriorityGrouping)
    [Anonymous Symbol]                       0x08000868   Section        0  stm32f4xx_hal_rcc.o(.text.HAL_RCC_ClockConfig)
    [Anonymous Symbol]                       0x08000acc   Section        0  stm32f4xx_hal_rcc.o(.text.HAL_RCC_GetSysClockFreq)
    [Anonymous Symbol]                       0x08000bb4   Section        0  stm32f4xx_hal_rcc.o(.text.HAL_RCC_OscConfig)
    [Anonymous Symbol]                       0x08001274   Section        0  stm32f4xx_hal_cortex.o(.text.HAL_SYSTICK_Config)
    [Anonymous Symbol]                       0x08001284   Section        0  stm32f4xx_hal_tim_ex.o(.text.HAL_TIMEx_BreakCallback)
    [Anonymous Symbol]                       0x0800128c   Section        0  stm32f4xx_hal_tim_ex.o(.text.HAL_TIMEx_CommutCallback)
    [Anonymous Symbol]                       0x08001294   Section        0  stm32f4xx_hal_tim.o(.text.HAL_TIM_IC_CaptureCallback)
    [Anonymous Symbol]                       0x0800129c   Section        0  stm32f4xx_hal_tim.o(.text.HAL_TIM_IRQHandler)
    [Anonymous Symbol]                       0x080014b8   Section        0  stm32f4xx_hal_tim.o(.text.HAL_TIM_OC_DelayElapsedCallback)
    [Anonymous Symbol]                       0x080014c0   Section        0  stm32f4xx_hal_tim.o(.text.HAL_TIM_PWM_PulseFinishedCallback)
    [Anonymous Symbol]                       0x080014c8   Section        0  stm32f4xx_hal_tim.o(.text.HAL_TIM_PeriodElapsedCallback)
    [Anonymous Symbol]                       0x080014d0   Section        0  stm32f4xx_hal_tim.o(.text.HAL_TIM_TriggerCallback)
    [Anonymous Symbol]                       0x080014d8   Section        0  stm32f4xx_it.o(.text.HardFault_Handler)
    [Anonymous Symbol]                       0x080014dc   Section        0  stm32f4xx_it.o(.text.MemManage_Handler)
    [Anonymous Symbol]                       0x080014e0   Section        0  stm32f4xx_it.o(.text.NMI_Handler)
    NVIC_EncodePriority                      0x080014e5   Thumb Code   108  stm32f4xx_hal_cortex.o(.text.NVIC_EncodePriority)
    [Anonymous Symbol]                       0x080014e4   Section        0  stm32f4xx_hal_cortex.o(.text.NVIC_EncodePriority)
    [Anonymous Symbol]                       0x08001550   Section        0  port.o(.text.PendSV_Handler)
    pxCurrentTCBConst                        0x080015b0   Number         0  port.o(.text.PendSV_Handler)
    [Anonymous Symbol]                       0x080015c0   Section        0  port.o(.text.SVC_Handler)
    pxCurrentTCBConst2                       0x080015e0   Number         0  port.o(.text.SVC_Handler)
    SysTick_Config                           0x080015e5   Thumb Code    82  stm32f4xx_hal_cortex.o(.text.SysTick_Config)
    [Anonymous Symbol]                       0x080015e4   Section        0  stm32f4xx_hal_cortex.o(.text.SysTick_Config)
    [Anonymous Symbol]                       0x08001638   Section        0  stm32f4xx_it.o(.text.SysTick_Handler)
    SystemClock_Config                       0x08001641   Thumb Code   164  main.o(.text.SystemClock_Config)
    [Anonymous Symbol]                       0x08001640   Section        0  main.o(.text.SystemClock_Config)
    [Anonymous Symbol]                       0x080016e4   Section        0  system_stm32f4xx.o(.text.SystemInit)
    [Anonymous Symbol]                       0x08001754   Section        0  stm32f4xx_it.o(.text.TIM4_IRQHandler)
    [Anonymous Symbol]                       0x08001764   Section        0  stm32f4xx_it.o(.text.UsageFault_Handler)
    __NVIC_GetPriorityGrouping               0x08001769   Thumb Code    16  stm32f4xx_hal_cortex.o(.text.__NVIC_GetPriorityGrouping)
    [Anonymous Symbol]                       0x08001768   Section        0  stm32f4xx_hal_cortex.o(.text.__NVIC_GetPriorityGrouping)
    __NVIC_SetPriority                       0x08001779   Thumb Code    66  stm32f4xx_hal_cortex.o(.text.__NVIC_SetPriority)
    [Anonymous Symbol]                       0x08001778   Section        0  stm32f4xx_hal_cortex.o(.text.__NVIC_SetPriority)
    __NVIC_SetPriorityGrouping               0x080017bd   Thumb Code    60  stm32f4xx_hal_cortex.o(.text.__NVIC_SetPriorityGrouping)
    [Anonymous Symbol]                       0x080017bc   Section        0  stm32f4xx_hal_cortex.o(.text.__NVIC_SetPriorityGrouping)
    [Anonymous Symbol]                       0x080017f8   Section        0  main.o(.text.main)
    prvAddCurrentTaskToDelayedList           0x08001829   Thumb Code   282  tasks.o(.text.prvAddCurrentTaskToDelayedList)
    [Anonymous Symbol]                       0x08001828   Section        0  tasks.o(.text.prvAddCurrentTaskToDelayedList)
    prvAddNewTaskToReadyList                 0x08001945   Thumb Code   334  tasks.o(.text.prvAddNewTaskToReadyList)
    [Anonymous Symbol]                       0x08001944   Section        0  tasks.o(.text.prvAddNewTaskToReadyList)
    prvCheckTasksWaitingTermination          0x08001a95   Thumb Code    90  tasks.o(.text.prvCheckTasksWaitingTermination)
    [Anonymous Symbol]                       0x08001a94   Section        0  tasks.o(.text.prvCheckTasksWaitingTermination)
    prvDeleteTCB                             0x08001af1   Thumb Code    24  tasks.o(.text.prvDeleteTCB)
    [Anonymous Symbol]                       0x08001af0   Section        0  tasks.o(.text.prvDeleteTCB)
    prvHeapInit                              0x08001b09   Thumb Code   174  heap_4.o(.text.prvHeapInit)
    [Anonymous Symbol]                       0x08001b08   Section        0  heap_4.o(.text.prvHeapInit)
    prvIdleTask                              0x08001bb9   Thumb Code    56  tasks.o(.text.prvIdleTask)
    [Anonymous Symbol]                       0x08001bb8   Section        0  tasks.o(.text.prvIdleTask)
    prvInitialiseNewTask                     0x08001bf1   Thumb Code   210  tasks.o(.text.prvInitialiseNewTask)
    [Anonymous Symbol]                       0x08001bf0   Section        0  tasks.o(.text.prvInitialiseNewTask)
    prvInitialiseTaskLists                   0x08001cc5   Thumb Code   142  tasks.o(.text.prvInitialiseTaskLists)
    [Anonymous Symbol]                       0x08001cc4   Section        0  tasks.o(.text.prvInitialiseTaskLists)
    prvInsertBlockIntoFreeList               0x08001d55   Thumb Code   198  heap_4.o(.text.prvInsertBlockIntoFreeList)
    [Anonymous Symbol]                       0x08001d54   Section        0  heap_4.o(.text.prvInsertBlockIntoFreeList)
    prvPortStartFirstTask                    0x08001e1d   Thumb Code    40  port.o(.text.prvPortStartFirstTask)
    [Anonymous Symbol]                       0x08001e1c   Section        0  port.o(.text.prvPortStartFirstTask)
    prvResetNextTaskUnblockTime              0x08001e45   Thumb Code    60  tasks.o(.text.prvResetNextTaskUnblockTime)
    [Anonymous Symbol]                       0x08001e44   Section        0  tasks.o(.text.prvResetNextTaskUnblockTime)
    prvSetupHardware                         0x08001e81   Thumb Code    18  main.o(.text.prvSetupHardware)
    [Anonymous Symbol]                       0x08001e80   Section        0  main.o(.text.prvSetupHardware)
    prvTaskExitError                         0x08001e95   Thumb Code    38  port.o(.text.prvTaskExitError)
    [Anonymous Symbol]                       0x08001e94   Section        0  port.o(.text.prvTaskExitError)
    [Anonymous Symbol]                       0x08001ebc   Section        0  heap_4.o(.text.pvPortMalloc)
    [Anonymous Symbol]                       0x08002044   Section        0  port.o(.text.pxPortInitialiseStack)
    [Anonymous Symbol]                       0x080020a4   Section        0  list.o(.text.uxListRemove)
    vLEDFlashTask                            0x080020ed   Thumb Code    84  flash.o(.text.vLEDFlashTask)
    [Anonymous Symbol]                       0x080020ec   Section        0  flash.o(.text.vLEDFlashTask)
    [Anonymous Symbol]                       0x08002140   Section        0  list.o(.text.vListInitialise)
    [Anonymous Symbol]                       0x08002170   Section        0  list.o(.text.vListInitialiseItem)
    [Anonymous Symbol]                       0x08002180   Section        0  list.o(.text.vListInsert)
    [Anonymous Symbol]                       0x080021ec   Section        0  main.o(.text.vOtherFunction)
    [Anonymous Symbol]                       0x080021fc   Section        0  partest.o(.text.vParTestInitialise)
    [Anonymous Symbol]                       0x08002200   Section        0  partest.o(.text.vParTestToggleLED)
    vPortEnableVFP                           0x08002225   Thumb Code    20  port.o(.text.vPortEnableVFP)
    [Anonymous Symbol]                       0x08002224   Section        0  port.o(.text.vPortEnableVFP)
    [Anonymous Symbol]                       0x08002238   Section        0  port.o(.text.vPortEnterCritical)
    [Anonymous Symbol]                       0x08002268   Section        0  port.o(.text.vPortExitCritical)
    [Anonymous Symbol]                       0x08002290   Section        0  heap_4.o(.text.vPortFree)
    [Anonymous Symbol]                       0x08002308   Section        0  port.o(.text.vPortSetupTimerInterrupt)
    [Anonymous Symbol]                       0x08002334   Section        0  flash.o(.text.vStartLEDFlashTasks)
    [Anonymous Symbol]                       0x0800237c   Section        0  tasks.o(.text.vTaskStartScheduler)
    [Anonymous Symbol]                       0x08002400   Section        0  tasks.o(.text.vTaskSuspendAll)
    __tagsym$$used.0                         0x08002410   Number         0  tasks.o(.text.vTaskSwitchContext)
    [Anonymous Symbol]                       0x08002410   Section        0  tasks.o(.text.vTaskSwitchContext)
    [Anonymous Symbol]                       0x080024a4   Section        0  port.o(.text.xPortStartScheduler)
    [Anonymous Symbol]                       0x080024f8   Section        0  port.o(.text.xPortSysTickHandler)
    [Anonymous Symbol]                       0x08002534   Section        0  tasks.o(.text.xTaskCreate)
    [Anonymous Symbol]                       0x080025d4   Section        0  tasks.o(.text.xTaskDelayUntil)
    [Anonymous Symbol]                       0x08002690   Section        0  tasks.o(.text.xTaskGetTickCount)
    [Anonymous Symbol]                       0x080026a4   Section        0  tasks.o(.text.xTaskIncrementTick)
    [Anonymous Symbol]                       0x080028e0   Section        0  tasks.o(.text.xTaskResumeAll)
    i.__scatterload_copy                     0x08002ade   Section       14  handlers.o(i.__scatterload_copy)
    i.__scatterload_null                     0x08002aec   Section        2  handlers.o(i.__scatterload_null)
    i.__scatterload_zeroinit                 0x08002aee   Section       14  handlers.o(i.__scatterload_zeroinit)
    .L.str                                   0x08002b0e   Data           5  flash.o(.rodata.str1.1)
    [Anonymous Symbol]                       0x08002b0e   Section        0  flash.o(.rodata.str1.1)
    .L.str                                   0x08002b13   Data           5  tasks.o(.rodata.str1.1)
    [Anonymous Symbol]                       0x08002b13   Section        0  tasks.o(.rodata.str1.1)
    uxCriticalNesting                        0x20000010   Data           4  port.o(.data.uxCriticalNesting)
    [Anonymous Symbol]                       0x20000010   Section        0  port.o(.data.uxCriticalNesting)
    __tagsym$$used.1                         0x20000060   Number         0  tasks.o(.bss.pxCurrentTCB)
    pxDelayedTaskList                        0x20000064   Data           4  tasks.o(.bss.pxDelayedTaskList)
    [Anonymous Symbol]                       0x20000064   Section        0  tasks.o(.bss.pxDelayedTaskList)
    pxEnd                                    0x20000068   Data           4  heap_4.o(.bss.pxEnd)
    [Anonymous Symbol]                       0x20000068   Section        0  heap_4.o(.bss.pxEnd)
    pxOverflowDelayedTaskList                0x2000006c   Data           4  tasks.o(.bss.pxOverflowDelayedTaskList)
    [Anonymous Symbol]                       0x2000006c   Section        0  tasks.o(.bss.pxOverflowDelayedTaskList)
    pxReadyTasksLists                        0x20000070   Data         100  tasks.o(.bss.pxReadyTasksLists)
    [Anonymous Symbol]                       0x20000070   Section        0  tasks.o(.bss.pxReadyTasksLists)
    ucHeap                                   0x200000d4   Data       17408  heap_4.o(.bss.ucHeap)
    [Anonymous Symbol]                       0x200000d4   Section        0  heap_4.o(.bss.ucHeap)
    uxCurrentNumberOfTasks                   0x200044d8   Data           4  tasks.o(.bss.uxCurrentNumberOfTasks)
    [Anonymous Symbol]                       0x200044d8   Section        0  tasks.o(.bss.uxCurrentNumberOfTasks)
    uxDeletedTasksWaitingCleanUp             0x200044dc   Data           4  tasks.o(.bss.uxDeletedTasksWaitingCleanUp)
    [Anonymous Symbol]                       0x200044dc   Section        0  tasks.o(.bss.uxDeletedTasksWaitingCleanUp)
    uxFlashTaskNumber                        0x200044e0   Data           4  flash.o(.bss.uxFlashTaskNumber)
    [Anonymous Symbol]                       0x200044e0   Section        0  flash.o(.bss.uxFlashTaskNumber)
    uxSchedulerSuspended                     0x200044e4   Data           4  tasks.o(.bss.uxSchedulerSuspended)
    [Anonymous Symbol]                       0x200044e4   Section        0  tasks.o(.bss.uxSchedulerSuspended)
    uxTaskNumber                             0x200044e8   Data           4  tasks.o(.bss.uxTaskNumber)
    [Anonymous Symbol]                       0x200044e8   Section        0  tasks.o(.bss.uxTaskNumber)
    uxTopReadyPriority                       0x200044ec   Data           4  tasks.o(.bss.uxTopReadyPriority)
    [Anonymous Symbol]                       0x200044ec   Section        0  tasks.o(.bss.uxTopReadyPriority)
    xDelayedTaskList1                        0x200044f0   Data          20  tasks.o(.bss.xDelayedTaskList1)
    [Anonymous Symbol]                       0x200044f0   Section        0  tasks.o(.bss.xDelayedTaskList1)
    xDelayedTaskList2                        0x20004504   Data          20  tasks.o(.bss.xDelayedTaskList2)
    [Anonymous Symbol]                       0x20004504   Section        0  tasks.o(.bss.xDelayedTaskList2)
    xFreeBytesRemaining                      0x20004518   Data           4  heap_4.o(.bss.xFreeBytesRemaining)
    [Anonymous Symbol]                       0x20004518   Section        0  heap_4.o(.bss.xFreeBytesRemaining)
    xIdleTaskHandle                          0x2000451c   Data           4  tasks.o(.bss.xIdleTaskHandle)
    [Anonymous Symbol]                       0x2000451c   Section        0  tasks.o(.bss.xIdleTaskHandle)
    xMinimumEverFreeBytesRemaining           0x20004520   Data           4  heap_4.o(.bss.xMinimumEverFreeBytesRemaining)
    [Anonymous Symbol]                       0x20004520   Section        0  heap_4.o(.bss.xMinimumEverFreeBytesRemaining)
    xNextTaskUnblockTime                     0x20004524   Data           4  tasks.o(.bss.xNextTaskUnblockTime)
    [Anonymous Symbol]                       0x20004524   Section        0  tasks.o(.bss.xNextTaskUnblockTime)
    xNumOfOverflows                          0x20004528   Data           4  tasks.o(.bss.xNumOfOverflows)
    [Anonymous Symbol]                       0x20004528   Section        0  tasks.o(.bss.xNumOfOverflows)
    xNumberOfSuccessfulAllocations           0x2000452c   Data           4  heap_4.o(.bss.xNumberOfSuccessfulAllocations)
    [Anonymous Symbol]                       0x2000452c   Section        0  heap_4.o(.bss.xNumberOfSuccessfulAllocations)
    xNumberOfSuccessfulFrees                 0x20004530   Data           4  heap_4.o(.bss.xNumberOfSuccessfulFrees)
    [Anonymous Symbol]                       0x20004530   Section        0  heap_4.o(.bss.xNumberOfSuccessfulFrees)
    xPendedTicks                             0x20004534   Data           4  tasks.o(.bss.xPendedTicks)
    [Anonymous Symbol]                       0x20004534   Section        0  tasks.o(.bss.xPendedTicks)
    xPendingReadyList                        0x20004538   Data          20  tasks.o(.bss.xPendingReadyList)
    [Anonymous Symbol]                       0x20004538   Section        0  tasks.o(.bss.xPendingReadyList)
    xSchedulerRunning                        0x2000454c   Data           4  tasks.o(.bss.xSchedulerRunning)
    [Anonymous Symbol]                       0x2000454c   Section        0  tasks.o(.bss.xSchedulerRunning)
    xStart                                   0x20004550   Data           8  heap_4.o(.bss.xStart)
    [Anonymous Symbol]                       0x20004550   Section        0  heap_4.o(.bss.xStart)
    xSuspendedTaskList                       0x20004558   Data          20  tasks.o(.bss.xSuspendedTaskList)
    [Anonymous Symbol]                       0x20004558   Section        0  tasks.o(.bss.xSuspendedTaskList)
    xTasksWaitingTermination                 0x2000456c   Data          20  tasks.o(.bss.xTasksWaitingTermination)
    [Anonymous Symbol]                       0x2000456c   Section        0  tasks.o(.bss.xTasksWaitingTermination)
    xTickCount                               0x20004580   Data           4  tasks.o(.bss.xTickCount)
    [Anonymous Symbol]                       0x20004580   Section        0  tasks.o(.bss.xTickCount)
    xYieldPending                            0x20004584   Data           4  tasks.o(.bss.xYieldPending)
    [Anonymous Symbol]                       0x20004584   Section        0  tasks.o(.bss.xYieldPending)
    STACK                                    0x20004588   Section     1024  startup_stm32f401xe.o(STACK)

    Global Symbols

    Symbol Name                              Value     Ov Type        Size  Object(Section)

    BuildAttributes$$THM_ISAv4$E$P$D$K$B$S$7EM$VFPi3$EXTD16$VFPS$VFMA$PE$A:L22UL41UL21$X:L11$S22US41US21$IEEE1$IW$~IW$USESV6$~STKCKD$USESV7$~SHL$OSPACE$EBA8$MICROLIB$REQ8$PRES8$EABIv2 0x00000000   Number         0  anon$$obj.o ABSOLUTE
    __cpp_initialize__aeabi_                  - Undefined Weak Reference
    __cxa_finalize                            - Undefined Weak Reference
    __decompress                              - Undefined Weak Reference
    _clock_init                               - Undefined Weak Reference
    _microlib_exit                            - Undefined Weak Reference
    __Vectors_Size                           0x00000194   Number         0  startup_stm32f401xe.o ABSOLUTE
    __Vectors                                0x08000000   Data           4  startup_stm32f401xe.o(RESET)
    __Vectors_End                            0x08000194   Data           0  startup_stm32f401xe.o(RESET)
    __main                                   0x08000195   Thumb Code     0  entry.o(.ARM.Collect$$$$00000000)
    _main_stk                                0x08000195   Thumb Code     0  entry2.o(.ARM.Collect$$$$00000001)
    _main_scatterload                        0x08000199   Thumb Code     0  entry5.o(.ARM.Collect$$$$00000004)
    __main_after_scatterload                 0x0800019d   Thumb Code     0  entry5.o(.ARM.Collect$$$$00000004)
    _main_clock                              0x0800019d   Thumb Code     0  entry7b.o(.ARM.Collect$$$$00000008)
    _main_cpp_init                           0x0800019d   Thumb Code     0  entry8b.o(.ARM.Collect$$$$0000000A)
    _main_init                               0x0800019d   Thumb Code     0  entry9a.o(.ARM.Collect$$$$0000000B)
    __rt_final_cpp                           0x080001a5   Thumb Code     0  entry10a.o(.ARM.Collect$$$$0000000D)
    __rt_final_exit                          0x080001a5   Thumb Code     0  entry11a.o(.ARM.Collect$$$$0000000F)
    Reset_Handler                            0x080001a9   Thumb Code     8  startup_stm32f401xe.o(.text)
    ADC_IRQHandler                           0x080001c3   Thumb Code     0  startup_stm32f401xe.o(.text)
    DMA1_Stream0_IRQHandler                  0x080001c3   Thumb Code     0  startup_stm32f401xe.o(.text)
    DMA1_Stream1_IRQHandler                  0x080001c3   Thumb Code     0  startup_stm32f401xe.o(.text)
    DMA1_Stream2_IRQHandler                  0x080001c3   Thumb Code     0  startup_stm32f401xe.o(.text)
    DMA1_Stream3_IRQHandler                  0x080001c3   Thumb Code     0  startup_stm32f401xe.o(.text)
    DMA1_Stream4_IRQHandler                  0x080001c3   Thumb Code     0  startup_stm32f401xe.o(.text)
    DMA1_Stream5_IRQHandler                  0x080001c3   Thumb Code     0  startup_stm32f401xe.o(.text)
    DMA1_Stream6_IRQHandler                  0x080001c3   Thumb Code     0  startup_stm32f401xe.o(.text)
    DMA1_Stream7_IRQHandler                  0x080001c3   Thumb Code     0  startup_stm32f401xe.o(.text)
    DMA2_Stream0_IRQHandler                  0x080001c3   Thumb Code     0  startup_stm32f401xe.o(.text)
    DMA2_Stream1_IRQHandler                  0x080001c3   Thumb Code     0  startup_stm32f401xe.o(.text)
    DMA2_Stream2_IRQHandler                  0x080001c3   Thumb Code     0  startup_stm32f401xe.o(.text)
    DMA2_Stream3_IRQHandler                  0x080001c3   Thumb Code     0  startup_stm32f401xe.o(.text)
    DMA2_Stream4_IRQHandler                  0x080001c3   Thumb Code     0  startup_stm32f401xe.o(.text)
    DMA2_Stream5_IRQHandler                  0x080001c3   Thumb Code     0  startup_stm32f401xe.o(.text)
    DMA2_Stream6_IRQHandler                  0x080001c3   Thumb Code     0  startup_stm32f401xe.o(.text)
    DMA2_Stream7_IRQHandler                  0x080001c3   Thumb Code     0  startup_stm32f401xe.o(.text)
    EXTI0_IRQHandler                         0x080001c3   Thumb Code     0  startup_stm32f401xe.o(.text)
    EXTI15_10_IRQHandler                     0x080001c3   Thumb Code     0  startup_stm32f401xe.o(.text)
    EXTI1_IRQHandler                         0x080001c3   Thumb Code     0  startup_stm32f401xe.o(.text)
    EXTI2_IRQHandler                         0x080001c3   Thumb Code     0  startup_stm32f401xe.o(.text)
    EXTI3_IRQHandler                         0x080001c3   Thumb Code     0  startup_stm32f401xe.o(.text)
    EXTI4_IRQHandler                         0x080001c3   Thumb Code     0  startup_stm32f401xe.o(.text)
    EXTI9_5_IRQHandler                       0x080001c3   Thumb Code     0  startup_stm32f401xe.o(.text)
    FLASH_IRQHandler                         0x080001c3   Thumb Code     0  startup_stm32f401xe.o(.text)
    FPU_IRQHandler                           0x080001c3   Thumb Code     0  startup_stm32f401xe.o(.text)
    I2C1_ER_IRQHandler                       0x080001c3   Thumb Code     0  startup_stm32f401xe.o(.text)
    I2C1_EV_IRQHandler                       0x080001c3   Thumb Code     0  startup_stm32f401xe.o(.text)
    I2C2_ER_IRQHandler                       0x080001c3   Thumb Code     0  startup_stm32f401xe.o(.text)
    I2C2_EV_IRQHandler                       0x080001c3   Thumb Code     0  startup_stm32f401xe.o(.text)
    I2C3_ER_IRQHandler                       0x080001c3   Thumb Code     0  startup_stm32f401xe.o(.text)
    I2C3_EV_IRQHandler                       0x080001c3   Thumb Code     0  startup_stm32f401xe.o(.text)
    OTG_FS_IRQHandler                        0x080001c3   Thumb Code     0  startup_stm32f401xe.o(.text)
    OTG_FS_WKUP_IRQHandler                   0x080001c3   Thumb Code     0  startup_stm32f401xe.o(.text)
    PVD_IRQHandler                           0x080001c3   Thumb Code     0  startup_stm32f401xe.o(.text)
    RCC_IRQHandler                           0x080001c3   Thumb Code     0  startup_stm32f401xe.o(.text)
    RTC_Alarm_IRQHandler                     0x080001c3   Thumb Code     0  startup_stm32f401xe.o(.text)
    RTC_WKUP_IRQHandler                      0x080001c3   Thumb Code     0  startup_stm32f401xe.o(.text)
    SDIO_IRQHandler                          0x080001c3   Thumb Code     0  startup_stm32f401xe.o(.text)
    SPI1_IRQHandler                          0x080001c3   Thumb Code     0  startup_stm32f401xe.o(.text)
    SPI2_IRQHandler                          0x080001c3   Thumb Code     0  startup_stm32f401xe.o(.text)
    SPI3_IRQHandler                          0x080001c3   Thumb Code     0  startup_stm32f401xe.o(.text)
    SPI4_IRQHandler                          0x080001c3   Thumb Code     0  startup_stm32f401xe.o(.text)
    TAMP_STAMP_IRQHandler                    0x080001c3   Thumb Code     0  startup_stm32f401xe.o(.text)
    TIM1_BRK_TIM9_IRQHandler                 0x080001c3   Thumb Code     0  startup_stm32f401xe.o(.text)
    TIM1_CC_IRQHandler                       0x080001c3   Thumb Code     0  startup_stm32f401xe.o(.text)
    TIM1_TRG_COM_TIM11_IRQHandler            0x080001c3   Thumb Code     0  startup_stm32f401xe.o(.text)
    TIM1_UP_TIM10_IRQHandler                 0x080001c3   Thumb Code     0  startup_stm32f401xe.o(.text)
    TIM2_IRQHandler                          0x080001c3   Thumb Code     0  startup_stm32f401xe.o(.text)
    TIM3_IRQHandler                          0x080001c3   Thumb Code     0  startup_stm32f401xe.o(.text)
    TIM5_IRQHandler                          0x080001c3   Thumb Code     0  startup_stm32f401xe.o(.text)
    USART1_IRQHandler                        0x080001c3   Thumb Code     0  startup_stm32f401xe.o(.text)
    USART2_IRQHandler                        0x080001c3   Thumb Code     0  startup_stm32f401xe.o(.text)
    USART6_IRQHandler                        0x080001c3   Thumb Code     0  startup_stm32f401xe.o(.text)
    WWDG_IRQHandler                          0x080001c3   Thumb Code     0  startup_stm32f401xe.o(.text)
    __aeabi_uldivmod                         0x080001cd   Thumb Code    98  uldiv.o(.text)
    __aeabi_memset                           0x0800022f   Thumb Code    14  memseta.o(.text)
    __aeabi_memset4                          0x0800022f   Thumb Code     0  memseta.o(.text)
    __aeabi_memset8                          0x0800022f   Thumb Code     0  memseta.o(.text)
    __aeabi_memclr                           0x0800023d   Thumb Code     4  memseta.o(.text)
    __aeabi_memclr4                          0x0800023d   Thumb Code     0  memseta.o(.text)
    __aeabi_memclr8                          0x0800023d   Thumb Code     0  memseta.o(.text)
    _memset$wrapper                          0x08000241   Thumb Code    18  memseta.o(.text)
    __aeabi_llsl                             0x08000253   Thumb Code    30  llshl.o(.text)
    _ll_shift_l                              0x08000253   Thumb Code     0  llshl.o(.text)
    __aeabi_llsr                             0x08000271   Thumb Code    32  llushr.o(.text)
    _ll_ushift_r                             0x08000271   Thumb Code     0  llushr.o(.text)
    __scatterload                            0x08000291   Thumb Code    38  init.o(.text)
    __scatterload_rt2                        0x08000291   Thumb Code     0  init.o(.text)
    BSP_LED_Init                             0x080002c1   Thumb Code   126  stm32f4xx_nucleo.o(.text.BSP_LED_Init)
    BSP_LED_On                               0x08000341   Thumb Code    46  stm32f4xx_nucleo.o(.text.BSP_LED_On)
    BSP_LED_Toggle                           0x08000371   Thumb Code    44  stm32f4xx_nucleo.o(.text.BSP_LED_Toggle)
    BusFault_Handler                         0x0800039d   Thumb Code     4  stm32f4xx_it.o(.text.BusFault_Handler)
    DebugMon_Handler                         0x080003a1   Thumb Code     2  stm32f4xx_it.o(.text.DebugMon_Handler)
    HAL_GPIO_Init                            0x080003b1   Thumb Code   866  stm32f4xx_hal_gpio.o(.text.HAL_GPIO_Init)
    HAL_GPIO_TogglePin                       0x08000715   Thumb Code    38  stm32f4xx_hal_gpio.o(.text.HAL_GPIO_TogglePin)
    HAL_GPIO_WritePin                        0x0800073d   Thumb Code    46  stm32f4xx_hal_gpio.o(.text.HAL_GPIO_WritePin)
    HAL_GetTick                              0x0800076d   Thumb Code    12  stm32f4xx_hal.o(.text.HAL_GetTick)
    HAL_Init                                 0x08000779   Thumb Code    54  stm32f4xx_hal.o(.text.HAL_Init)
    HAL_InitTick                             0x080007b1   Thumb Code   112  stm32f4xx_hal.o(.text.HAL_InitTick)
    HAL_MspInit                              0x08000821   Thumb Code     2  stm32f4xx_hal.o(.text.HAL_MspInit)
    HAL_NVIC_SetPriority                     0x08000825   Thumb Code    50  stm32f4xx_hal_cortex.o(.text.HAL_NVIC_SetPriority)
    HAL_NVIC_SetPriorityGrouping             0x08000859   Thumb Code    16  stm32f4xx_hal_cortex.o(.text.HAL_NVIC_SetPriorityGrouping)
    HAL_RCC_ClockConfig                      0x08000869   Thumb Code   610  stm32f4xx_hal_rcc.o(.text.HAL_RCC_ClockConfig)
    HAL_RCC_GetSysClockFreq                  0x08000acd   Thumb Code   230  stm32f4xx_hal_rcc.o(.text.HAL_RCC_GetSysClockFreq)
    HAL_RCC_OscConfig                        0x08000bb5   Thumb Code  1726  stm32f4xx_hal_rcc.o(.text.HAL_RCC_OscConfig)
    HAL_SYSTICK_Config                       0x08001275   Thumb Code    16  stm32f4xx_hal_cortex.o(.text.HAL_SYSTICK_Config)
    HAL_TIMEx_BreakCallback                  0x08001285   Thumb Code     8  stm32f4xx_hal_tim_ex.o(.text.HAL_TIMEx_BreakCallback)
    HAL_TIMEx_CommutCallback                 0x0800128d   Thumb Code     8  stm32f4xx_hal_tim_ex.o(.text.HAL_TIMEx_CommutCallback)
    HAL_TIM_IC_CaptureCallback               0x08001295   Thumb Code     8  stm32f4xx_hal_tim.o(.text.HAL_TIM_IC_CaptureCallback)
    HAL_TIM_IRQHandler                       0x0800129d   Thumb Code   538  stm32f4xx_hal_tim.o(.text.HAL_TIM_IRQHandler)
    HAL_TIM_OC_DelayElapsedCallback          0x080014b9   Thumb Code     8  stm32f4xx_hal_tim.o(.text.HAL_TIM_OC_DelayElapsedCallback)
    HAL_TIM_PWM_PulseFinishedCallback        0x080014c1   Thumb Code     8  stm32f4xx_hal_tim.o(.text.HAL_TIM_PWM_PulseFinishedCallback)
    HAL_TIM_PeriodElapsedCallback            0x080014c9   Thumb Code     8  stm32f4xx_hal_tim.o(.text.HAL_TIM_PeriodElapsedCallback)
    HAL_TIM_TriggerCallback                  0x080014d1   Thumb Code     8  stm32f4xx_hal_tim.o(.text.HAL_TIM_TriggerCallback)
    HardFault_Handler                        0x080014d9   Thumb Code     4  stm32f4xx_it.o(.text.HardFault_Handler)
    MemManage_Handler                        0x080014dd   Thumb Code     4  stm32f4xx_it.o(.text.MemManage_Handler)
    NMI_Handler                              0x080014e1   Thumb Code     2  stm32f4xx_it.o(.text.NMI_Handler)
    PendSV_Handler                           0x08001551   Thumb Code   100  port.o(.text.PendSV_Handler)
    SVC_Handler                              0x080015c1   Thumb Code    36  port.o(.text.SVC_Handler)
    SysTick_Handler                          0x08001639   Thumb Code     8  stm32f4xx_it.o(.text.SysTick_Handler)
    SystemInit                               0x080016e5   Thumb Code   110  system_stm32f4xx.o(.text.SystemInit)
    TIM4_IRQHandler                          0x08001755   Thumb Code    16  stm32f4xx_it.o(.text.TIM4_IRQHandler)
    UsageFault_Handler                       0x08001765   Thumb Code     4  stm32f4xx_it.o(.text.UsageFault_Handler)
    main                                     0x080017f9   Thumb Code    48  main.o(.text.main)
    pvPortMalloc                             0x08001ebd   Thumb Code   390  heap_4.o(.text.pvPortMalloc)
    pxPortInitialiseStack                    0x08002045   Thumb Code    94  port.o(.text.pxPortInitialiseStack)
    uxListRemove                             0x080020a5   Thumb Code    72  list.o(.text.uxListRemove)
    vListInitialise                          0x08002141   Thumb Code    46  list.o(.text.vListInitialise)
    vListInitialiseItem                      0x08002171   Thumb Code    14  list.o(.text.vListInitialiseItem)
    vListInsert                              0x08002181   Thumb Code   106  list.o(.text.vListInsert)
    vOtherFunction                           0x080021ed   Thumb Code    16  main.o(.text.vOtherFunction)
    vParTestInitialise                       0x080021fd   Thumb Code     2  partest.o(.text.vParTestInitialise)
    vParTestToggleLED                        0x08002201   Thumb Code    34  partest.o(.text.vParTestToggleLED)
    vPortEnterCritical                       0x08002239   Thumb Code    48  port.o(.text.vPortEnterCritical)
    vPortExitCritical                        0x08002269   Thumb Code    38  port.o(.text.vPortExitCritical)
    vPortFree                                0x08002291   Thumb Code   118  heap_4.o(.text.vPortFree)
    vPortSetupTimerInterrupt                 0x08002309   Thumb Code    42  port.o(.text.vPortSetupTimerInterrupt)
    vStartLEDFlashTasks                      0x08002335   Thumb Code    70  flash.o(.text.vStartLEDFlashTasks)
    vTaskStartScheduler                      0x0800237d   Thumb Code   130  tasks.o(.text.vTaskStartScheduler)
    vTaskSuspendAll                          0x08002401   Thumb Code    16  tasks.o(.text.vTaskSuspendAll)
    vTaskSwitchContext                       0x08002411   Thumb Code   146  tasks.o(.text.vTaskSwitchContext)
    xPortStartScheduler                      0x080024a5   Thumb Code    84  port.o(.text.xPortStartScheduler)
    xPortSysTickHandler                      0x080024f9   Thumb Code    60  port.o(.text.xPortSysTickHandler)
    xTaskCreate                              0x08002535   Thumb Code   160  tasks.o(.text.xTaskCreate)
    xTaskDelayUntil                          0x080025d5   Thumb Code   186  tasks.o(.text.xTaskDelayUntil)
    xTaskGetTickCount                        0x08002691   Thumb Code    20  tasks.o(.text.xTaskGetTickCount)
    xTaskIncrementTick                       0x080026a5   Thumb Code   570  tasks.o(.text.xTaskIncrementTick)
    xTaskResumeAll                           0x080028e1   Thumb Code   510  tasks.o(.text.xTaskResumeAll)
    __scatterload_copy                       0x08002adf   Thumb Code    14  handlers.o(i.__scatterload_copy)
    __scatterload_null                       0x08002aed   Thumb Code     2  handlers.o(i.__scatterload_null)
    __scatterload_zeroinit                   0x08002aef   Thumb Code    14  handlers.o(i.__scatterload_zeroinit)
    AHBPrescTable                            0x08002afc   Data          16  system_stm32f4xx.o(.rodata.AHBPrescTable)
    GPIO_PIN                                 0x08002b0c   Data           2  stm32f4xx_nucleo.o(.rodata.GPIO_PIN)
    uxTopUsedPriority                        0x08002b18   Data           4  tasks.o(.rodata.uxTopUsedPriority)
    Region$$Table$$Base                      0x08002b1c   Number         0  anon$$obj.o(Region$$Table)
    Region$$Table$$Limit                     0x08002b3c   Number         0  anon$$obj.o(Region$$Table)
    GPIO_PORT                                0x20000000   Data           4  stm32f4xx_nucleo.o(.data.GPIO_PORT)
    SystemCoreClock                          0x20000004   Data           4  system_stm32f4xx.o(.data.SystemCoreClock)
    uwTickFreq                               0x20000008   Data           1  stm32f4xx_hal.o(.data.uwTickFreq)
    uwTickPrio                               0x2000000c   Data           4  stm32f4xx_hal.o(.data.uwTickPrio)
    TimHandle                                0x20000018   Data          72  main.o(.bss.TimHandle)
    pxCurrentTCB                             0x20000060   Data           4  tasks.o(.bss.pxCurrentTCB)
    uwTick                                   0x200044d4   Data           4  stm32f4xx_hal.o(.bss.uwTick)
    __initial_sp                             0x20004988   Data           0  startup_stm32f401xe.o(STACK)



==============================================================================

Memory Map of the image

  Image Entry point : 0x08000195

  Load Region LR_IROM1 (Base: 0x08000000, Size: 0x00002b58, Max: 0x00080000, ABSOLUTE)

    Execution Region ER_IROM1 (Exec base: 0x08000000, Load base: 0x08000000, Size: 0x00002b3c, Max: 0x00080000, ABSOLUTE)

    Exec Addr    Load Addr    Size         Type   Attr      Idx    E Section Name        Object

    0x08000000   0x08000000   0x00000194   Data   RO          996    RESET               startup_stm32f401xe.o
    0x08000194   0x08000194   0x00000000   Code   RO         1434  * .ARM.Collect$$$$00000000  mc_w.l(entry.o)
    0x08000194   0x08000194   0x00000004   Code   RO         1445    .ARM.Collect$$$$00000001  mc_w.l(entry2.o)
    0x08000198   0x08000198   0x00000004   Code   RO         1448    .ARM.Collect$$$$00000004  mc_w.l(entry5.o)
    0x0800019c   0x0800019c   0x00000000   Code   RO         1450    .ARM.Collect$$$$00000008  mc_w.l(entry7b.o)
    0x0800019c   0x0800019c   0x00000000   Code   RO         1452    .ARM.Collect$$$$0000000A  mc_w.l(entry8b.o)
    0x0800019c   0x0800019c   0x00000008   Code   RO         1453    .ARM.Collect$$$$0000000B  mc_w.l(entry9a.o)
    0x080001a4   0x080001a4   0x00000000   Code   RO         1455    .ARM.Collect$$$$0000000D  mc_w.l(entry10a.o)
    0x080001a4   0x080001a4   0x00000000   Code   RO         1457    .ARM.Collect$$$$0000000F  mc_w.l(entry11a.o)
    0x080001a4   0x080001a4   0x00000004   Code   RO         1446    .ARM.Collect$$$$00002712  mc_w.l(entry2.o)
    0x080001a8   0x080001a8   0x00000024   Code   RO          997    .text               startup_stm32f401xe.o
    0x080001cc   0x080001cc   0x00000062   Code   RO         1437    .text               mc_w.l(uldiv.o)
    0x0800022e   0x0800022e   0x00000024   Code   RO         1441    .text               mc_w.l(memseta.o)
    0x08000252   0x08000252   0x0000001e   Code   RO         1459    .text               mc_w.l(llshl.o)
    0x08000270   0x08000270   0x00000020   Code   RO         1461    .text               mc_w.l(llushr.o)
    0x08000290   0x08000290   0x00000030   Code   RO         1463    .text               mc_w.l(init.o)
    0x080002c0   0x080002c0   0x0000007e   Code   RO            4    .text.BSP_LED_Init  stm32f4xx_nucleo.o
    0x0800033e   0x0800033e   0x00000002   PAD
    0x08000340   0x08000340   0x0000002e   Code   RO            8    .text.BSP_LED_On    stm32f4xx_nucleo.o
    0x0800036e   0x0800036e   0x00000002   PAD
    0x08000370   0x08000370   0x0000002c   Code   RO           12    .text.BSP_LED_Toggle  stm32f4xx_nucleo.o
    0x0800039c   0x0800039c   0x00000004   Code   RO         1010    .text.BusFault_Handler  stm32f4xx_it.o
    0x080003a0   0x080003a0   0x00000002   Code   RO         1014    .text.DebugMon_Handler  stm32f4xx_it.o
    0x080003a2   0x080003a2   0x00000002   PAD
    0x080003a4   0x080003a4   0x0000000c   Code   RO         1041    .text.Error_Handler  main.o
    0x080003b0   0x080003b0   0x00000362   Code   RO          972    .text.HAL_GPIO_Init  stm32f4xx_hal_gpio.o
    0x08000712   0x08000712   0x00000002   PAD
    0x08000714   0x08000714   0x00000026   Code   RO          980    .text.HAL_GPIO_TogglePin  stm32f4xx_hal_gpio.o
    0x0800073a   0x0800073a   0x00000002   PAD
    0x0800073c   0x0800073c   0x0000002e   Code   RO          978    .text.HAL_GPIO_WritePin  stm32f4xx_hal_gpio.o
    0x0800076a   0x0800076a   0x00000002   PAD
    0x0800076c   0x0800076c   0x0000000c   Code   RO          290    .text.HAL_GetTick   stm32f4xx_hal.o
    0x08000778   0x08000778   0x00000036   Code   RO          278    .text.HAL_Init      stm32f4xx_hal.o
    0x080007ae   0x080007ae   0x00000002   PAD
    0x080007b0   0x080007b0   0x00000070   Code   RO          280    .text.HAL_InitTick  stm32f4xx_hal.o
    0x08000820   0x08000820   0x00000002   Code   RO          282    .text.HAL_MspInit   stm32f4xx_hal.o
    0x08000822   0x08000822   0x00000002   PAD
    0x08000824   0x08000824   0x00000032   Code   RO          639    .text.HAL_NVIC_SetPriority  stm32f4xx_hal_cortex.o
    0x08000856   0x08000856   0x00000002   PAD
    0x08000858   0x08000858   0x00000010   Code   RO          635    .text.HAL_NVIC_SetPriorityGrouping  stm32f4xx_hal_cortex.o
    0x08000868   0x08000868   0x00000262   Code   RO          403    .text.HAL_RCC_ClockConfig  stm32f4xx_hal_rcc.o
    0x08000aca   0x08000aca   0x00000002   PAD
    0x08000acc   0x08000acc   0x000000e6   Code   RO          405    .text.HAL_RCC_GetSysClockFreq  stm32f4xx_hal_rcc.o
    0x08000bb2   0x08000bb2   0x00000002   PAD
    0x08000bb4   0x08000bb4   0x000006be   Code   RO          401    .text.HAL_RCC_OscConfig  stm32f4xx_hal_rcc.o
    0x08001272   0x08001272   0x00000002   PAD
    0x08001274   0x08001274   0x00000010   Code   RO          659    .text.HAL_SYSTICK_Config  stm32f4xx_hal_cortex.o
    0x08001284   0x08001284   0x00000008   Code   RO          622    .text.HAL_TIMEx_BreakCallback  stm32f4xx_hal_tim_ex.o
    0x0800128c   0x0800128c   0x00000008   Code   RO          618    .text.HAL_TIMEx_CommutCallback  stm32f4xx_hal_tim_ex.o
    0x08001294   0x08001294   0x00000008   Code   RO          844    .text.HAL_TIM_IC_CaptureCallback  stm32f4xx_hal_tim.o
    0x0800129c   0x0800129c   0x0000021a   Code   RO          842    .text.HAL_TIM_IRQHandler  stm32f4xx_hal_tim.o
    0x080014b6   0x080014b6   0x00000002   PAD
    0x080014b8   0x080014b8   0x00000008   Code   RO          846    .text.HAL_TIM_OC_DelayElapsedCallback  stm32f4xx_hal_tim.o
    0x080014c0   0x080014c0   0x00000008   Code   RO          848    .text.HAL_TIM_PWM_PulseFinishedCallback  stm32f4xx_hal_tim.o
    0x080014c8   0x080014c8   0x00000008   Code   RO          850    .text.HAL_TIM_PeriodElapsedCallback  stm32f4xx_hal_tim.o
    0x080014d0   0x080014d0   0x00000008   Code   RO          852    .text.HAL_TIM_TriggerCallback  stm32f4xx_hal_tim.o
    0x080014d8   0x080014d8   0x00000004   Code   RO         1006    .text.HardFault_Handler  stm32f4xx_it.o
    0x080014dc   0x080014dc   0x00000004   Code   RO         1008    .text.MemManage_Handler  stm32f4xx_it.o
    0x080014e0   0x080014e0   0x00000002   Code   RO         1004    .text.NMI_Handler   stm32f4xx_it.o
    0x080014e2   0x080014e2   0x00000002   PAD
    0x080014e4   0x080014e4   0x0000006c   Code   RO          645    .text.NVIC_EncodePriority  stm32f4xx_hal_cortex.o
    0x08001550   0x08001550   0x00000064   Code   RO         1423    .text.PendSV_Handler  port.o
    0x080015b4   0x080015b4   0x0000000c   PAD
    0x080015c0   0x080015c0   0x00000024   Code   RO         1407    .text.SVC_Handler   port.o
    0x080015e4   0x080015e4   0x00000052   Code   RO          661    .text.SysTick_Config  stm32f4xx_hal_cortex.o
    0x08001636   0x08001636   0x00000002   PAD
    0x08001638   0x08001638   0x00000008   Code   RO         1016    .text.SysTick_Handler  stm32f4xx_it.o
    0x08001640   0x08001640   0x000000a4   Code   RO         1043    .text.SystemClock_Config  main.o
    0x080016e4   0x080016e4   0x0000006e   Code   RO         1087    .text.SystemInit    system_stm32f4xx.o
    0x08001752   0x08001752   0x00000002   PAD
    0x08001754   0x08001754   0x00000010   Code   RO         1018    .text.TIM4_IRQHandler  stm32f4xx_it.o
    0x08001764   0x08001764   0x00000004   Code   RO         1012    .text.UsageFault_Handler  stm32f4xx_it.o
    0x08001768   0x08001768   0x00000010   Code   RO          641    .text.__NVIC_GetPriorityGrouping  stm32f4xx_hal_cortex.o
    0x08001778   0x08001778   0x00000042   Code   RO          643    .text.__NVIC_SetPriority  stm32f4xx_hal_cortex.o
    0x080017ba   0x080017ba   0x00000002   PAD
    0x080017bc   0x080017bc   0x0000003c   Code   RO          637    .text.__NVIC_SetPriorityGrouping  stm32f4xx_hal_cortex.o
    0x080017f8   0x080017f8   0x00000030   Code   RO         1039    .text.main          main.o
    0x08001828   0x08001828   0x0000011a   Code   RO         1262    .text.prvAddCurrentTaskToDelayedList  tasks.o
    0x08001942   0x08001942   0x00000002   PAD
    0x08001944   0x08001944   0x0000014e   Code   RO         1250    .text.prvAddNewTaskToReadyList  tasks.o
    0x08001a92   0x08001a92   0x00000002   PAD
    0x08001a94   0x08001a94   0x0000005a   Code   RO         1338    .text.prvCheckTasksWaitingTermination  tasks.o
    0x08001aee   0x08001aee   0x00000002   PAD
    0x08001af0   0x08001af0   0x00000018   Code   RO         1256    .text.prvDeleteTCB  tasks.o
    0x08001b08   0x08001b08   0x000000ae   Code   RO         1373    .text.prvHeapInit   heap_4.o
    0x08001bb6   0x08001bb6   0x00000002   PAD
    0x08001bb8   0x08001bb8   0x00000038   Code   RO         1286    .text.prvIdleTask   tasks.o
    0x08001bf0   0x08001bf0   0x000000d2   Code   RO         1248    .text.prvInitialiseNewTask  tasks.o
    0x08001cc2   0x08001cc2   0x00000002   PAD
    0x08001cc4   0x08001cc4   0x0000008e   Code   RO         1336    .text.prvInitialiseTaskLists  tasks.o
    0x08001d52   0x08001d52   0x00000002   PAD
    0x08001d54   0x08001d54   0x000000c6   Code   RO         1375    .text.prvInsertBlockIntoFreeList  heap_4.o
    0x08001e1a   0x08001e1a   0x00000002   PAD
    0x08001e1c   0x08001e1c   0x00000028   Code   RO         1415    .text.prvPortStartFirstTask  port.o
    0x08001e44   0x08001e44   0x0000003c   Code   RO         1254    .text.prvResetNextTaskUnblockTime  tasks.o
    0x08001e80   0x08001e80   0x00000012   Code   RO         1045    .text.prvSetupHardware  main.o
    0x08001e92   0x08001e92   0x00000002   PAD
    0x08001e94   0x08001e94   0x00000026   Code   RO         1405    .text.prvTaskExitError  port.o
    0x08001eba   0x08001eba   0x00000002   PAD
    0x08001ebc   0x08001ebc   0x00000186   Code   RO         1371    .text.pvPortMalloc  heap_4.o
    0x08002042   0x08002042   0x00000002   PAD
    0x08002044   0x08002044   0x0000005e   Code   RO         1403    .text.pxPortInitialiseStack  port.o
    0x080020a2   0x080020a2   0x00000002   PAD
    0x080020a4   0x080020a4   0x00000048   Code   RO         1137    .text.uxListRemove  list.o
    0x080020ec   0x080020ec   0x00000054   Code   RO         1063    .text.vLEDFlashTask  flash.o
    0x08002140   0x08002140   0x0000002e   Code   RO         1129    .text.vListInitialise  list.o
    0x0800216e   0x0800216e   0x00000002   PAD
    0x08002170   0x08002170   0x0000000e   Code   RO         1131    .text.vListInitialiseItem  list.o
    0x0800217e   0x0800217e   0x00000002   PAD
    0x08002180   0x08002180   0x0000006a   Code   RO         1135    .text.vListInsert   list.o
    0x080021ea   0x080021ea   0x00000002   PAD
    0x080021ec   0x080021ec   0x00000010   Code   RO         1037    .text.vOtherFunction  main.o
    0x080021fc   0x080021fc   0x00000002   Code   RO         1074    .text.vParTestInitialise  partest.o
    0x080021fe   0x080021fe   0x00000002   PAD
    0x08002200   0x08002200   0x00000022   Code   RO         1078    .text.vParTestToggleLED  partest.o
    0x08002222   0x08002222   0x00000002   PAD
    0x08002224   0x08002224   0x00000014   Code   RO         1413    .text.vPortEnableVFP  port.o
    0x08002238   0x08002238   0x00000030   Code   RO         1419    .text.vPortEnterCritical  port.o
    0x08002268   0x08002268   0x00000026   Code   RO         1421    .text.vPortExitCritical  port.o
    0x0800228e   0x0800228e   0x00000002   PAD
    0x08002290   0x08002290   0x00000076   Code   RO         1377    .text.vPortFree     heap_4.o
    0x08002306   0x08002306   0x00000002   PAD
    0x08002308   0x08002308   0x0000002a   Code   RO         1411    .text.vPortSetupTimerInterrupt  port.o
    0x08002332   0x08002332   0x00000002   PAD
    0x08002334   0x08002334   0x00000046   Code   RO         1061    .text.vStartLEDFlashTasks  flash.o
    0x0800237a   0x0800237a   0x00000002   PAD
    0x0800237c   0x0800237c   0x00000082   Code   RO         1284    .text.vTaskStartScheduler  tasks.o
    0x080023fe   0x080023fe   0x00000002   PAD
    0x08002400   0x08002400   0x00000010   Code   RO         1260    .text.vTaskSuspendAll  tasks.o
    0x08002410   0x08002410   0x00000092   Code   RO         1276    .text.vTaskSwitchContext  tasks.o
    0x080024a2   0x080024a2   0x00000002   PAD
    0x080024a4   0x080024a4   0x00000054   Code   RO         1409    .text.xPortStartScheduler  port.o
    0x080024f8   0x080024f8   0x0000003c   Code   RO         1425    .text.xPortSysTickHandler  port.o
    0x08002534   0x08002534   0x000000a0   Code   RO         1246    .text.xTaskCreate   tasks.o
    0x080025d4   0x080025d4   0x000000ba   Code   RO         1258    .text.xTaskDelayUntil  tasks.o
    0x0800268e   0x0800268e   0x00000002   PAD
    0x08002690   0x08002690   0x00000014   Code   RO         1292    .text.xTaskGetTickCount  tasks.o
    0x080026a4   0x080026a4   0x0000023a   Code   RO         1290    .text.xTaskIncrementTick  tasks.o
    0x080028de   0x080028de   0x00000002   PAD
    0x080028e0   0x080028e0   0x000001fe   Code   RO         1264    .text.xTaskResumeAll  tasks.o
    0x08002ade   0x08002ade   0x0000000e   Code   RO         1467    i.__scatterload_copy  mc_w.l(handlers.o)
    0x08002aec   0x08002aec   0x00000002   Code   RO         1468    i.__scatterload_null  mc_w.l(handlers.o)
    0x08002aee   0x08002aee   0x0000000e   Code   RO         1469    i.__scatterload_zeroinit  mc_w.l(handlers.o)
    0x08002afc   0x08002afc   0x00000010   Data   RO         1092    .rodata.AHBPrescTable  system_stm32f4xx.o
    0x08002b0c   0x08002b0c   0x00000002   Data   RO           63    .rodata.GPIO_PIN    stm32f4xx_nucleo.o
    0x08002b0e   0x08002b0e   0x00000005   Data   RO         1065    .rodata.str1.1      flash.o
    0x08002b13   0x08002b13   0x00000005   Data   RO         1354    .rodata.str1.1      tasks.o
    0x08002b18   0x08002b18   0x00000004   Data   RO         1341    .rodata.uxTopUsedPriority  tasks.o
    0x08002b1c   0x08002b1c   0x00000020   Data   RO         1466    Region$$Table       anon$$obj.o


    Execution Region RW_IRAM1 (Exec base: 0x20000000, Load base: 0x08002b40, Size: 0x00004988, Max: 0x00018000, ABSOLUTE)

    Exec Addr    Load Addr    Size         Type   Attr      Idx    E Section Name        Object

    0x20000000   0x08002b40   0x00000004   Data   RW           62    .data.GPIO_PORT     stm32f4xx_nucleo.o
    0x20000004   0x08002b44   0x00000004   Data   RW         1091    .data.SystemCoreClock  system_stm32f4xx.o
    0x20000008   0x08002b48   0x00000001   Data   RW          333    .data.uwTickFreq    stm32f4xx_hal.o
    0x20000009   0x08002b49   0x00000003   PAD
    0x2000000c   0x08002b4c   0x00000004   Data   RW          332    .data.uwTickPrio    stm32f4xx_hal.o
    0x20000010   0x08002b50   0x00000004   Data   RW         1427    .data.uxCriticalNesting  port.o
    0x20000014   0x08002b54   0x00000004   PAD
    0x20000018        -       0x00000048   Zero   RW         1050    .bss.TimHandle      main.o
    0x20000060        -       0x00000004   Zero   RW         1340    .bss.pxCurrentTCB   tasks.o
    0x20000064        -       0x00000004   Zero   RW         1358    .bss.pxDelayedTaskList  tasks.o
    0x20000068        -       0x00000004   Zero   RW         1389    .bss.pxEnd          heap_4.o
    0x2000006c        -       0x00000004   Zero   RW         1359    .bss.pxOverflowDelayedTaskList  tasks.o
    0x20000070        -       0x00000064   Zero   RW         1342    .bss.pxReadyTasksLists  tasks.o
    0x200000d4        -       0x00004400   Zero   RW         1395    .bss.ucHeap         heap_4.o
    0x200044d4        -       0x00000004   Zero   RW          334    .bss.uwTick         stm32f4xx_hal.o
    0x200044d8        -       0x00000004   Zero   RW         1347    .bss.uxCurrentNumberOfTasks  tasks.o
    0x200044dc        -       0x00000004   Zero   RW         1346    .bss.uxDeletedTasksWaitingCleanUp  tasks.o
    0x200044e0        -       0x00000004   Zero   RW         1066    .bss.uxFlashTaskNumber  flash.o
    0x200044e4        -       0x00000004   Zero   RW         1351    .bss.uxSchedulerSuspended  tasks.o
    0x200044e8        -       0x00000004   Zero   RW         1344    .bss.uxTaskNumber   tasks.o
    0x200044ec        -       0x00000004   Zero   RW         1343    .bss.uxTopReadyPriority  tasks.o
    0x200044f0        -       0x00000014   Zero   RW         1361    .bss.xDelayedTaskList1  tasks.o
    0x20004504        -       0x00000014   Zero   RW         1362    .bss.xDelayedTaskList2  tasks.o
    0x20004518        -       0x00000004   Zero   RW         1390    .bss.xFreeBytesRemaining  heap_4.o
    0x2000451c        -       0x00000004   Zero   RW         1355    .bss.xIdleTaskHandle  tasks.o
    0x20004520        -       0x00000004   Zero   RW         1392    .bss.xMinimumEverFreeBytesRemaining  heap_4.o
    0x20004524        -       0x00000004   Zero   RW         1356    .bss.xNextTaskUnblockTime  tasks.o
    0x20004528        -       0x00000004   Zero   RW         1360    .bss.xNumOfOverflows  tasks.o
    0x2000452c        -       0x00000004   Zero   RW         1393    .bss.xNumberOfSuccessfulAllocations  heap_4.o
    0x20004530        -       0x00000004   Zero   RW         1394    .bss.xNumberOfSuccessfulFrees  heap_4.o
    0x20004534        -       0x00000004   Zero   RW         1357    .bss.xPendedTicks   tasks.o
    0x20004538        -       0x00000014   Zero   RW         1353    .bss.xPendingReadyList  tasks.o
    0x2000454c        -       0x00000004   Zero   RW         1348    .bss.xSchedulerRunning  tasks.o
    0x20004550        -       0x00000008   Zero   RW         1391    .bss.xStart         heap_4.o
    0x20004558        -       0x00000014   Zero   RW         1350    .bss.xSuspendedTaskList  tasks.o
    0x2000456c        -       0x00000014   Zero   RW         1345    .bss.xTasksWaitingTermination  tasks.o
    0x20004580        -       0x00000004   Zero   RW         1349    .bss.xTickCount     tasks.o
    0x20004584        -       0x00000004   Zero   RW         1352    .bss.xYieldPending  tasks.o
    0x20004588        -       0x00000400   Zero   RW          994    STACK               startup_stm32f401xe.o


==============================================================================

Image component sizes


      Code (inc. data)   RO Data    RW Data    ZI Data      Debug   Object Name

       154          0          5          0          4       1466   flash.o
       880          0          0          0      17436       4249   heap_4.o
       238          0          0          0          0       2177   list.o
       258          0          0          0         72       6754   main.o
        36          0          0          0          0        906   partest.o
       600         16          0          4          0       2704   port.o
        36          8        404          0       1024        908   startup_stm32f401xe.o
       180          0          0          5          4       6831   stm32f4xx_hal.o
       414          0          0          0          0       9203   stm32f4xx_hal_cortex.o
       950          0          0          0          0       5224   stm32f4xx_hal_gpio.o
      2566          0          0          0          0       7765   stm32f4xx_hal_rcc.o
       578          0          0          0          0      35990   stm32f4xx_hal_tim.o
        16          0          0          0          0      15452   stm32f4xx_hal_tim_ex.o
        44          0          0          0          0       1015   stm32f4xx_it.o
       216          0          2          4          0      12985   stm32f4xx_nucleo.o
       110          0         16          4          0       2708   system_stm32f4xx.o
      2936          0          9          0        260      17287   tasks.o

    ----------------------------------------------------------------------
     10306         36        468         20      18804     133624   Object Totals
         0          0         32          0          0          0   (incl. Generated)
        94         12          0          3          4          0   (incl. Padding)

    ----------------------------------------------------------------------

      Code (inc. data)   RO Data    RW Data    ZI Data      Debug   Library Member Name

         0          0          0          0          0          0   entry.o
         0          0          0          0          0          0   entry10a.o
         0          0          0          0          0          0   entry11a.o
         8          4          0          0          0          0   entry2.o
         4          0          0          0          0          0   entry5.o
         0          0          0          0          0          0   entry7b.o
         0          0          0          0          0          0   entry8b.o
         8          4          0          0          0          0   entry9a.o
        30          0          0          0          0          0   handlers.o
        48         10          0          0          0         68   init.o
        30          0          0          0          0         68   llshl.o
        32          0          0          0          0         68   llushr.o
        36          0          0          0          0        108   memseta.o
        98          0          0          0          0         92   uldiv.o

    ----------------------------------------------------------------------
       294         18          0          0          0        404   Library Totals
         0          0          0          0          0          0   (incl. Padding)

    ----------------------------------------------------------------------

      Code (inc. data)   RO Data    RW Data    ZI Data      Debug   Library Name

       294         18          0          0          0        404   mc_w.l

    ----------------------------------------------------------------------
       294         18          0          0          0        404   Library Totals

    ----------------------------------------------------------------------

==============================================================================


      Code (inc. data)   RO Data    RW Data    ZI Data      Debug   

     10600         54        468         20      18804     133828   Grand Totals
     10600         54        468         20      18804     133828   ELF Image Totals
     10600         54        468         20          0          0   ROM Totals

==============================================================================

    Total RO  Size (Code + RO Data)                11068 (  10.81kB)
    Total RW  Size (RW Data + ZI Data)             18824 (  18.38kB)
    Total ROM Size (Code + RO Data + RW Data)      11088 (  10.83kB)

==============================================================================

